Component: ARM Compiler 6.16 Tool: armlink [5dfeaa00]

==============================================================================

Section Cross References

    startup_gd32f405_425.o(STACK) refers (Special) to heapauxi.o(.text) for __use_two_region_memory
    startup_gd32f405_425.o(HEAP) refers (Special) to heapauxi.o(.text) for __use_two_region_memory
    startup_gd32f405_425.o(RESET) refers (Special) to heapauxi.o(.text) for __use_two_region_memory
    startup_gd32f405_425.o(RESET) refers to startup_gd32f405_425.o(STACK) for __initial_sp
    startup_gd32f405_425.o(RESET) refers to startup_gd32f405_425.o(.text) for Reset_Handler
    startup_gd32f405_425.o(RESET) refers to main.o(.text.SysTick_Handler) for SysTick_Handler
    startup_gd32f405_425.o(RESET) refers to max6691.o(.text.EXTI0_IRQHandler) for EXTI0_IRQHandler
    startup_gd32f405_425.o(RESET) refers to usart.o(.text.DMA1_Channel7_IRQHandler) for DMA1_Channel7_IRQHandler
    startup_gd32f405_425.o(.text) refers (Special) to heapauxi.o(.text) for __use_two_region_memory
    startup_gd32f405_425.o(.text) refers to system_gd32f4xx.o(.text.SystemInit) for SystemInit
    startup_gd32f405_425.o(.text) refers to __main.o(!!!main) for __main
    startup_gd32f405_425.o(.text) refers to startup_gd32f405_425.o(HEAP) for Heap_Mem
    startup_gd32f405_425.o(.text) refers to startup_gd32f405_425.o(STACK) for Stack_Mem
    system_gd32f4xx.o(.text.SystemInit) refers to system_gd32f4xx.o(.text.system_clock_config) for system_clock_config
    system_gd32f4xx.o(.ARM.exidx.text.SystemInit) refers to system_gd32f4xx.o(.text.SystemInit) for [Anonymous Symbol]
    system_gd32f4xx.o(.text.system_clock_config) refers to system_gd32f4xx.o(.text.system_clock_200m_25m_hxtal) for system_clock_200m_25m_hxtal
    system_gd32f4xx.o(.ARM.exidx.text.system_clock_config) refers to system_gd32f4xx.o(.text.system_clock_config) for [Anonymous Symbol]
    system_gd32f4xx.o(.text.SystemCoreClockUpdate) refers to system_gd32f4xx.o(.data.SystemCoreClock) for SystemCoreClock
    system_gd32f4xx.o(.ARM.exidx.text.SystemCoreClockUpdate) refers to system_gd32f4xx.o(.text.SystemCoreClockUpdate) for [Anonymous Symbol]
    system_gd32f4xx.o(.ARM.exidx.text.system_clock_200m_25m_hxtal) refers to system_gd32f4xx.o(.text.system_clock_200m_25m_hxtal) for [Anonymous Symbol]
    gd32f4xx_adc.o(.text.adc_deinit) refers to gd32f4xx_rcu.o(.text.rcu_periph_reset_enable) for rcu_periph_reset_enable
    gd32f4xx_adc.o(.text.adc_deinit) refers to gd32f4xx_rcu.o(.text.rcu_periph_reset_disable) for rcu_periph_reset_disable
    gd32f4xx_adc.o(.ARM.exidx.text.adc_deinit) refers to gd32f4xx_adc.o(.text.adc_deinit) for [Anonymous Symbol]
    gd32f4xx_adc.o(.ARM.exidx.text.adc_clock_config) refers to gd32f4xx_adc.o(.text.adc_clock_config) for [Anonymous Symbol]
    gd32f4xx_adc.o(.ARM.exidx.text.adc_special_function_config) refers to gd32f4xx_adc.o(.text.adc_special_function_config) for [Anonymous Symbol]
    gd32f4xx_adc.o(.ARM.exidx.text.adc_data_alignment_config) refers to gd32f4xx_adc.o(.text.adc_data_alignment_config) for [Anonymous Symbol]
    gd32f4xx_adc.o(.ARM.exidx.text.adc_enable) refers to gd32f4xx_adc.o(.text.adc_enable) for [Anonymous Symbol]
    gd32f4xx_adc.o(.ARM.exidx.text.adc_disable) refers to gd32f4xx_adc.o(.text.adc_disable) for [Anonymous Symbol]
    gd32f4xx_adc.o(.ARM.exidx.text.adc_calibration_enable) refers to gd32f4xx_adc.o(.text.adc_calibration_enable) for [Anonymous Symbol]
    gd32f4xx_adc.o(.ARM.exidx.text.adc_channel_16_to_18) refers to gd32f4xx_adc.o(.text.adc_channel_16_to_18) for [Anonymous Symbol]
    gd32f4xx_adc.o(.ARM.exidx.text.adc_resolution_config) refers to gd32f4xx_adc.o(.text.adc_resolution_config) for [Anonymous Symbol]
    gd32f4xx_adc.o(.ARM.exidx.text.adc_oversample_mode_config) refers to gd32f4xx_adc.o(.text.adc_oversample_mode_config) for [Anonymous Symbol]
    gd32f4xx_adc.o(.ARM.exidx.text.adc_oversample_mode_enable) refers to gd32f4xx_adc.o(.text.adc_oversample_mode_enable) for [Anonymous Symbol]
    gd32f4xx_adc.o(.ARM.exidx.text.adc_oversample_mode_disable) refers to gd32f4xx_adc.o(.text.adc_oversample_mode_disable) for [Anonymous Symbol]
    gd32f4xx_adc.o(.ARM.exidx.text.adc_dma_mode_enable) refers to gd32f4xx_adc.o(.text.adc_dma_mode_enable) for [Anonymous Symbol]
    gd32f4xx_adc.o(.ARM.exidx.text.adc_dma_mode_disable) refers to gd32f4xx_adc.o(.text.adc_dma_mode_disable) for [Anonymous Symbol]
    gd32f4xx_adc.o(.ARM.exidx.text.adc_dma_request_after_last_enable) refers to gd32f4xx_adc.o(.text.adc_dma_request_after_last_enable) for [Anonymous Symbol]
    gd32f4xx_adc.o(.ARM.exidx.text.adc_dma_request_after_last_disable) refers to gd32f4xx_adc.o(.text.adc_dma_request_after_last_disable) for [Anonymous Symbol]
    gd32f4xx_adc.o(.ARM.exidx.text.adc_discontinuous_mode_config) refers to gd32f4xx_adc.o(.text.adc_discontinuous_mode_config) for [Anonymous Symbol]
[...]
    Removing gd32f4xx_timer.o(.text.timer_channel_output_mode_config), (58 bytes).
    Removing gd32f4xx_timer.o(.ARM.exidx.text.timer_channel_output_mode_config), (8 bytes).
    Removing gd32f4xx_timer.o(.text.timer_channel_output_pulse_value_config), (12 bytes).
    Removing gd32f4xx_timer.o(.ARM.exidx.text.timer_channel_output_pulse_value_config), (8 bytes).
    Removing gd32f4xx_timer.o(.text.timer_channel_output_shadow_config), (58 bytes).
    Removing gd32f4xx_timer.o(.ARM.exidx.text.timer_channel_output_shadow_config), (8 bytes).
    Removing gd32f4xx_timer.o(.text.timer_channel_output_fast_config), (58 bytes).
    Removing gd32f4xx_timer.o(.ARM.exidx.text.timer_channel_output_fast_config), (8 bytes).
    Removing gd32f4xx_timer.o(.text.timer_channel_output_clear_config), (58 bytes).
    Removing gd32f4xx_timer.o(.ARM.exidx.text.timer_channel_output_clear_config), (8 bytes).
    Removing gd32f4xx_timer.o(.text.timer_channel_output_polarity_config), (74 bytes).
    Removing gd32f4xx_timer.o(.ARM.exidx.text.timer_channel_output_polarity_config), (8 bytes).
    Removing gd32f4xx_timer.o(.text.timer_channel_complementary_output_polarity_config), (60 bytes).
    Removing gd32f4xx_timer.o(.ARM.exidx.text.timer_channel_complementary_output_polarity_config), (8 bytes).
    Removing gd32f4xx_timer.o(.text.timer_channel_output_state_config), (74 bytes).
    Removing gd32f4xx_timer.o(.ARM.exidx.text.timer_channel_output_state_config), (8 bytes).
    Removing gd32f4xx_timer.o(.text.timer_channel_complementary_output_state_config), (60 bytes).
    Removing gd32f4xx_timer.o(.ARM.exidx.text.timer_channel_complementary_output_state_config), (8 bytes).
    Removing gd32f4xx_timer.o(.text.timer_channel_input_struct_para_init), (12 bytes).
    Removing gd32f4xx_timer.o(.ARM.exidx.text.timer_channel_input_struct_para_init), (8 bytes).
    Removing gd32f4xx_timer.o(.text.timer_input_capture_config), (298 bytes).
    Removing gd32f4xx_timer.o(.ARM.exidx.text.timer_input_capture_config), (8 bytes).
    Removing gd32f4xx_timer.o(.text.timer_channel_input_capture_prescaler_config), (58 bytes).
    Removing gd32f4xx_timer.o(.ARM.exidx.text.timer_channel_input_capture_prescaler_config), (8 bytes).
    Removing gd32f4xx_timer.o(.text.timer_channel_capture_value_register_read), (14 bytes).
    Removing gd32f4xx_timer.o(.ARM.exidx.text.timer_channel_capture_value_register_read), (8 bytes).
    Removing gd32f4xx_timer.o(.text.timer_input_pwm_capture_config), (332 bytes).
    Removing gd32f4xx_timer.o(.ARM.exidx.text.timer_input_pwm_capture_config), (8 bytes).
    Removing gd32f4xx_timer.o(.text.timer_hall_mode_config), (30 bytes).
    Removing gd32f4xx_timer.o(.ARM.exidx.text.timer_hall_mode_config), (8 bytes).
    Removing gd32f4xx_timer.o(.text.timer_input_trigger_source_select), (16 bytes).
    Removing gd32f4xx_timer.o(.ARM.exidx.text.timer_input_trigger_source_select), (8 bytes).
    Removing gd32f4xx_timer.o(.text.timer_master_output_trigger_source_select), (16 bytes).
    Removing gd32f4xx_timer.o(.ARM.exidx.text.timer_master_output_trigger_source_select), (8 bytes).
    Removing gd32f4xx_timer.o(.text.timer_slave_mode_select), (16 bytes).
    Removing gd32f4xx_timer.o(.ARM.exidx.text.timer_slave_mode_select), (8 bytes).
    Removing gd32f4xx_timer.o(.text.timer_master_slave_mode_config), (30 bytes).
    Removing gd32f4xx_timer.o(.ARM.exidx.text.timer_master_slave_mode_config), (8 bytes).
    Removing gd32f4xx_timer.o(.text.timer_external_trigger_config), (34 bytes).
    Removing gd32f4xx_timer.o(.ARM.exidx.text.timer_external_trigger_config), (8 bytes).
    Removing gd32f4xx_timer.o(.text.timer_quadrature_decoder_mode_config), (78 bytes).
    Removing gd32f4xx_timer.o(.ARM.exidx.text.timer_quadrature_decoder_mode_config), (8 bytes).
    Removing gd32f4xx_timer.o(.text.timer_internal_clock_config), (10 bytes).
    Removing gd32f4xx_timer.o(.ARM.exidx.text.timer_internal_clock_config), (8 bytes).
    Removing gd32f4xx_timer.o(.text.timer_internal_trigger_as_external_clock_config), (26 bytes).
    Removing gd32f4xx_timer.o(.ARM.exidx.text.timer_internal_trigger_as_external_clock_config), (8 bytes).
    Removing gd32f4xx_timer.o(.text.timer_external_trigger_as_external_clock_config), (146 bytes).
    Removing gd32f4xx_timer.o(.ARM.exidx.text.timer_external_trigger_as_external_clock_config), (8 bytes).
    Removing gd32f4xx_timer.o(.text.timer_external_clock_mode0_config), (26 bytes).
    Removing gd32f4xx_timer.o(.ARM.exidx.text.timer_external_clock_mode0_config), (8 bytes).
    Removing gd32f4xx_timer.o(.text.timer_external_clock_mode1_config), (18 bytes).
    Removing gd32f4xx_timer.o(.ARM.exidx.text.timer_external_clock_mode1_config), (8 bytes).
    Removing gd32f4xx_timer.o(.text.timer_external_clock_mode1_disable), (10 bytes).
    Removing gd32f4xx_timer.o(.ARM.exidx.text.timer_external_clock_mode1_disable), (8 bytes).
    Removing gd32f4xx_timer.o(.text.timer_channel_remap_config), (4 bytes).
    Removing gd32f4xx_timer.o(.ARM.exidx.text.timer_channel_remap_config), (8 bytes).
    Removing gd32f4xx_timer.o(.text.timer_write_chxval_register_config), (36 bytes).
    Removing gd32f4xx_timer.o(.ARM.exidx.text.timer_write_chxval_register_config), (8 bytes).
    Removing gd32f4xx_timer.o(.text.timer_output_value_selection_config), (36 bytes).
    Removing gd32f4xx_timer.o(.ARM.exidx.text.timer_output_value_selection_config), (8 bytes).
    Removing gd32f4xx_timer.o(.text.timer_flag_get), (10 bytes).
    Removing gd32f4xx_timer.o(.ARM.exidx.text.timer_flag_get), (8 bytes).
    Removing gd32f4xx_timer.o(.text.timer_flag_clear), (6 bytes).
    Removing gd32f4xx_timer.o(.ARM.exidx.text.timer_flag_clear), (8 bytes).
    Removing gd32f4xx_timer.o(.text.timer_interrupt_enable), (8 bytes).
    Removing gd32f4xx_timer.o(.ARM.exidx.text.timer_interrupt_enable), (8 bytes).
    Removing gd32f4xx_timer.o(.text.timer_interrupt_disable), (10 bytes).
    Removing gd32f4xx_timer.o(.ARM.exidx.text.timer_interrupt_disable), (8 bytes).
    Removing gd32f4xx_timer.o(.text.timer_interrupt_flag_get), (22 bytes).
    Removing gd32f4xx_timer.o(.ARM.exidx.text.timer_interrupt_flag_get), (8 bytes).
    Removing gd32f4xx_timer.o(.text.timer_interrupt_flag_clear), (6 bytes).
    Removing gd32f4xx_timer.o(.ARM.exidx.text.timer_interrupt_flag_clear), (8 bytes).
    Removing gd32f4xx_tli.o(.text), (0 bytes).
    Removing gd32f4xx_tli.o(.text.tli_deinit), (20 bytes).
    Removing gd32f4xx_tli.o(.ARM.exidx.text.tli_deinit), (8 bytes).
    Removing gd32f4xx_tli.o(.text.tli_struct_para_init), (10 bytes).
    Removing gd32f4xx_tli.o(.ARM.exidx.text.tli_struct_para_init), (8 bytes).
    Removing gd32f4xx_tli.o(.text.tli_init), (148 bytes).
    Removing gd32f4xx_tli.o(.ARM.exidx.text.tli_init), (8 bytes).
    Removing gd32f4xx_tli.o(.text.tli_dither_config), (26 bytes).
    Removing gd32f4xx_tli.o(.ARM.exidx.text.tli_dither_config), (8 bytes).
    Removing gd32f4xx_tli.o(.text.tli_enable), (18 bytes).
    Removing gd32f4xx_tli.o(.ARM.exidx.text.tli_enable), (8 bytes).
    Removing gd32f4xx_tli.o(.text.tli_disable), (18 bytes).
    Removing gd32f4xx_tli.o(.ARM.exidx.text.tli_disable), (8 bytes).
    Removing gd32f4xx_tli.o(.text.tli_reload_config), (26 bytes).
    Removing gd32f4xx_tli.o(.ARM.exidx.text.tli_reload_config), (8 bytes).
    Removing gd32f4xx_tli.o(.text.tli_layer_struct_para_init), (44 bytes).
    Removing gd32f4xx_tli.o(.ARM.exidx.text.tli_layer_struct_para_init), (8 bytes).
    Removing gd32f4xx_tli.o(.text.tli_layer_init), (204 bytes).
    Removing gd32f4xx_tli.o(.ARM.exidx.text.tli_layer_init), (8 bytes).
    Removing gd32f4xx_tli.o(.text.tli_layer_window_offset_modify), (192 bytes).
    Removing gd32f4xx_tli.o(.ARM.exidx.text.tli_layer_window_offset_modify), (8 bytes).
    Removing gd32f4xx_tli.o(.text.tli_lut_struct_para_init), (10 bytes).
    Removing gd32f4xx_tli.o(.ARM.exidx.text.tli_lut_struct_para_init), (8 bytes).
    Removing gd32f4xx_tli.o(.text.tli_lut_init), (26 bytes).
    Removing gd32f4xx_tli.o(.ARM.exidx.text.tli_lut_init), (8 bytes).
    Removing gd32f4xx_tli.o(.text.tli_color_key_init), (14 bytes).
    Removing gd32f4xx_tli.o(.ARM.exidx.text.tli_color_key_init), (8 bytes).
    Removing gd32f4xx_tli.o(.text.tli_layer_enable), (14 bytes).
    Removing gd32f4xx_tli.o(.ARM.exidx.text.tli_layer_enable), (8 bytes).
    Removing gd32f4xx_tli.o(.text.tli_layer_disable), (14 bytes).
    Removing gd32f4xx_tli.o(.ARM.exidx.text.tli_layer_disable), (8 bytes).
    Removing gd32f4xx_tli.o(.text.tli_color_key_enable), (14 bytes).
    Removing gd32f4xx_tli.o(.ARM.exidx.text.tli_color_key_enable), (8 bytes).
    Removing gd32f4xx_tli.o(.text.tli_color_key_disable), (14 bytes).
    Removing gd32f4xx_tli.o(.ARM.exidx.text.tli_color_key_disable), (8 bytes).
    Removing gd32f4xx_tli.o(.text.tli_lut_enable), (14 bytes).
    Removing gd32f4xx_tli.o(.ARM.exidx.text.tli_lut_enable), (8 bytes).
    Removing gd32f4xx_tli.o(.text.tli_lut_disable), (14 bytes).
    Removing gd32f4xx_tli.o(.ARM.exidx.text.tli_lut_disable), (8 bytes).
    Removing gd32f4xx_tli.o(.text.tli_line_mark_set), (22 bytes).
    Removing gd32f4xx_tli.o(.ARM.exidx.text.tli_line_mark_set), (8 bytes).
    Removing gd32f4xx_tli.o(.text.tli_current_pos_get), (12 bytes).
    Removing gd32f4xx_tli.o(.ARM.exidx.text.tli_current_pos_get), (8 bytes).
    Removing gd32f4xx_tli.o(.text.tli_interrupt_enable), (16 bytes).
    Removing gd32f4xx_tli.o(.ARM.exidx.text.tli_interrupt_enable), (8 bytes).
    Removing gd32f4xx_tli.o(.text.tli_interrupt_disable), (18 bytes).
    Removing gd32f4xx_tli.o(.ARM.exidx.text.tli_interrupt_disable), (8 bytes).
    Removing gd32f4xx_tli.o(.text.tli_interrupt_flag_get), (28 bytes).
    Removing gd32f4xx_tli.o(.ARM.exidx.text.tli_interrupt_flag_get), (8 bytes).
    Removing gd32f4xx_tli.o(.text.tli_interrupt_flag_clear), (16 bytes).
    Removing gd32f4xx_tli.o(.ARM.exidx.text.tli_interrupt_flag_clear), (8 bytes).
    Removing gd32f4xx_tli.o(.text.tli_flag_get), (26 bytes).
    Removing gd32f4xx_tli.o(.ARM.exidx.text.tli_flag_get), (8 bytes).
    Removing gd32f4xx_trng.o(.text), (0 bytes).
    Removing gd32f4xx_trng.o(.text.trng_deinit), (20 bytes).
    Removing gd32f4xx_trng.o(.ARM.exidx.text.trng_deinit), (8 bytes).
    Removing gd32f4xx_trng.o(.text.trng_enable), (18 bytes).
    Removing gd32f4xx_trng.o(.ARM.exidx.text.trng_enable), (8 bytes).
    Removing gd32f4xx_trng.o(.text.trng_disable), (18 bytes).
    Removing gd32f4xx_trng.o(.ARM.exidx.text.trng_disable), (8 bytes).
    Removing gd32f4xx_trng.o(.text.trng_get_true_random_data), (12 bytes).
    Removing gd32f4xx_trng.o(.ARM.exidx.text.trng_get_true_random_data), (8 bytes).
    Removing gd32f4xx_trng.o(.text.trng_interrupt_enable), (18 bytes).
    Removing gd32f4xx_trng.o(.ARM.exidx.text.trng_interrupt_enable), (8 bytes).
    Removing gd32f4xx_trng.o(.text.trng_interrupt_disable), (18 bytes).
    Removing gd32f4xx_trng.o(.ARM.exidx.text.trng_interrupt_disable), (8 bytes).
    Removing gd32f4xx_trng.o(.text.trng_flag_get), (18 bytes).
    Removing gd32f4xx_trng.o(.ARM.exidx.text.trng_flag_get), (8 bytes).
    Removing gd32f4xx_trng.o(.text.trng_interrupt_flag_get), (18 bytes).
    Removing gd32f4xx_trng.o(.ARM.exidx.text.trng_interrupt_flag_get), (8 bytes).
    Removing gd32f4xx_trng.o(.text.trng_interrupt_flag_clear), (18 bytes).
    Removing gd32f4xx_trng.o(.ARM.exidx.text.trng_interrupt_flag_clear), (8 bytes).
    Removing gd32f4xx_usart.o(.text), (0 bytes).
    Removing gd32f4xx_usart.o(.ARM.exidx.text.usart_deinit), (8 bytes).
    Removing gd32f4xx_usart.o(.ARM.exidx.text.usart_baudrate_set), (8 bytes).
    Removing gd32f4xx_usart.o(.text.usart_parity_config), (16 bytes).
    Removing gd32f4xx_usart.o(.ARM.exidx.text.usart_parity_config), (8 bytes).
    Removing gd32f4xx_usart.o(.text.usart_word_length_set), (16 bytes).
    Removing gd32f4xx_usart.o(.ARM.exidx.text.usart_word_length_set), (8 bytes).
    Removing gd32f4xx_usart.o(.text.usart_stop_bit_set), (16 bytes).
    Removing gd32f4xx_usart.o(.ARM.exidx.text.usart_stop_bit_set), (8 bytes).
    Removing gd32f4xx_usart.o(.ARM.exidx.text.usart_enable), (8 bytes).
    Removing gd32f4xx_usart.o(.text.usart_disable), (10 bytes).
    Removing gd32f4xx_usart.o(.ARM.exidx.text.usart_disable), (8 bytes).
    Removing gd32f4xx_usart.o(.ARM.exidx.text.usart_transmit_config), (8 bytes).
    Removing gd32f4xx_usart.o(.ARM.exidx.text.usart_receive_config), (8 bytes).
    Removing gd32f4xx_usart.o(.text.usart_data_first_config), (16 bytes).
    Removing gd32f4xx_usart.o(.ARM.exidx.text.usart_data_first_config), (8 bytes).
    Removing gd32f4xx_usart.o(.text.usart_invert_config), (100 bytes).
    Removing gd32f4xx_usart.o(.ARM.exidx.text.usart_invert_config), (8 bytes).
    Removing gd32f4xx_usart.o(.text.usart_oversample_config), (16 bytes).
    Removing gd32f4xx_usart.o(.ARM.exidx.text.usart_oversample_config), (8 bytes).
    Removing gd32f4xx_usart.o(.text.usart_sample_bit_config), (16 bytes).
    Removing gd32f4xx_usart.o(.ARM.exidx.text.usart_sample_bit_config), (8 bytes).
    Removing gd32f4xx_usart.o(.text.usart_receiver_timeout_enable), (14 bytes).
    Removing gd32f4xx_usart.o(.ARM.exidx.text.usart_receiver_timeout_enable), (8 bytes).
    Removing gd32f4xx_usart.o(.text.usart_receiver_timeout_disable), (14 bytes).
    Removing gd32f4xx_usart.o(.ARM.exidx.text.usart_receiver_timeout_disable), (8 bytes).
    Removing gd32f4xx_usart.o(.text.usart_receiver_timeout_threshold_config), (24 bytes).
    Removing gd32f4xx_usart.o(.ARM.exidx.text.usart_receiver_timeout_threshold_config), (8 bytes).
    Removing gd32f4xx_usart.o(.text.usart_data_transmit), (8 bytes).
    Removing gd32f4xx_usart.o(.ARM.exidx.text.usart_data_transmit), (8 bytes).
    Removing gd32f4xx_usart.o(.text.usart_data_receive), (8 bytes).
    Removing gd32f4xx_usart.o(.ARM.exidx.text.usart_data_receive), (8 bytes).
    Removing gd32f4xx_usart.o(.text.usart_address_config), (20 bytes).
    Removing gd32f4xx_usart.o(.ARM.exidx.text.usart_address_config), (8 bytes).
    Removing gd32f4xx_usart.o(.text.usart_mute_mode_enable), (10 bytes).
    Removing gd32f4xx_usart.o(.ARM.exidx.text.usart_mute_mode_enable), (8 bytes).
    Removing gd32f4xx_usart.o(.text.usart_mute_mode_disable), (10 bytes).
    Removing gd32f4xx_usart.o(.ARM.exidx.text.usart_mute_mode_disable), (8 bytes).
    Removing gd32f4xx_usart.o(.text.usart_mute_mode_wakeup_config), (16 bytes).
    Removing gd32f4xx_usart.o(.ARM.exidx.text.usart_mute_mode_wakeup_config), (8 bytes).
    Removing gd32f4xx_usart.o(.text.usart_lin_mode_enable), (10 bytes).
    Removing gd32f4xx_usart.o(.ARM.exidx.text.usart_lin_mode_enable), (8 bytes).
    Removing gd32f4xx_usart.o(.text.usart_lin_mode_disable), (10 bytes).
    Removing gd32f4xx_usart.o(.ARM.exidx.text.usart_lin_mode_disable), (8 bytes).
    Removing gd32f4xx_usart.o(.text.usart_lin_break_detection_length_config), (20 bytes).
    Removing gd32f4xx_usart.o(.ARM.exidx.text.usart_lin_break_detection_length_config), (8 bytes).
    Removing gd32f4xx_usart.o(.text.usart_send_break), (10 bytes).
    Removing gd32f4xx_usart.o(.ARM.exidx.text.usart_send_break), (8 bytes).
    Removing gd32f4xx_usart.o(.text.usart_halfduplex_enable), (10 bytes).
    Removing gd32f4xx_usart.o(.ARM.exidx.text.usart_halfduplex_enable), (8 bytes).
    Removing gd32f4xx_usart.o(.text.usart_halfduplex_disable), (10 bytes).
    Removing gd32f4xx_usart.o(.ARM.exidx.text.usart_halfduplex_disable), (8 bytes).
    Removing gd32f4xx_usart.o(.text.usart_synchronous_clock_enable), (10 bytes).
    Removing gd32f4xx_usart.o(.ARM.exidx.text.usart_synchronous_clock_enable), (8 bytes).
    Removing gd32f4xx_usart.o(.text.usart_synchronous_clock_disable), (10 bytes).
    Removing gd32f4xx_usart.o(.ARM.exidx.text.usart_synchronous_clock_disable), (8 bytes).
    Removing gd32f4xx_usart.o(.text.usart_synchronous_clock_config), (32 bytes).
    Removing gd32f4xx_usart.o(.ARM.exidx.text.usart_synchronous_clock_config), (8 bytes).
    Removing gd32f4xx_usart.o(.text.usart_guard_time_config), (18 bytes).
    Removing gd32f4xx_usart.o(.ARM.exidx.text.usart_guard_time_config), (8 bytes).
    Removing gd32f4xx_usart.o(.text.usart_smartcard_mode_enable), (10 bytes).
    Removing gd32f4xx_usart.o(.ARM.exidx.text.usart_smartcard_mode_enable), (8 bytes).
    Removing gd32f4xx_usart.o(.text.usart_smartcard_mode_disable), (10 bytes).
    Removing gd32f4xx_usart.o(.ARM.exidx.text.usart_smartcard_mode_disable), (8 bytes).
    Removing gd32f4xx_usart.o(.text.usart_smartcard_mode_nack_enable), (10 bytes).
    Removing gd32f4xx_usart.o(.ARM.exidx.text.usart_smartcard_mode_nack_enable), (8 bytes).
    Removing gd32f4xx_usart.o(.text.usart_smartcard_mode_nack_disable), (10 bytes).
    Removing gd32f4xx_usart.o(.ARM.exidx.text.usart_smartcard_mode_nack_disable), (8 bytes).
    Removing gd32f4xx_usart.o(.text.usart_smartcard_autoretry_config), (30 bytes).
    Removing gd32f4xx_usart.o(.ARM.exidx.text.usart_smartcard_autoretry_config), (8 bytes).
    Removing gd32f4xx_usart.o(.text.usart_block_length_config), (26 bytes).
    Removing gd32f4xx_usart.o(.ARM.exidx.text.usart_block_length_config), (8 bytes).
    Removing gd32f4xx_usart.o(.text.usart_irda_mode_enable), (10 bytes).
    Removing gd32f4xx_usart.o(.ARM.exidx.text.usart_irda_mode_enable), (8 bytes).
    Removing gd32f4xx_usart.o(.text.usart_irda_mode_disable), (10 bytes).
    Removing gd32f4xx_usart.o(.ARM.exidx.text.usart_irda_mode_disable), (8 bytes).
    Removing gd32f4xx_usart.o(.text.usart_prescaler_config), (16 bytes).
    Removing gd32f4xx_usart.o(.ARM.exidx.text.usart_prescaler_config), (8 bytes).
    Removing gd32f4xx_usart.o(.text.usart_irda_lowpower_config), (20 bytes).
    Removing gd32f4xx_usart.o(.ARM.exidx.text.usart_irda_lowpower_config), (8 bytes).
    Removing gd32f4xx_usart.o(.text.usart_hardware_flow_rts_config), (20 bytes).
    Removing gd32f4xx_usart.o(.ARM.exidx.text.usart_hardware_flow_rts_config), (8 bytes).
    Removing gd32f4xx_usart.o(.text.usart_hardware_flow_cts_config), (20 bytes).
    Removing gd32f4xx_usart.o(.ARM.exidx.text.usart_hardware_flow_cts_config), (8 bytes).
    Removing gd32f4xx_usart.o(.text.usart_break_frame_coherence_config), (28 bytes).
    Removing gd32f4xx_usart.o(.ARM.exidx.text.usart_break_frame_coherence_config), (8 bytes).
    Removing gd32f4xx_usart.o(.text.usart_parity_check_coherence_config), (28 bytes).
    Removing gd32f4xx_usart.o(.ARM.exidx.text.usart_parity_check_coherence_config), (8 bytes).
    Removing gd32f4xx_usart.o(.text.usart_hardware_flow_coherence_config), (28 bytes).
    Removing gd32f4xx_usart.o(.ARM.exidx.text.usart_hardware_flow_coherence_config), (8 bytes).
    Removing gd32f4xx_usart.o(.text.usart_dma_receive_config), (20 bytes).
    Removing gd32f4xx_usart.o(.ARM.exidx.text.usart_dma_receive_config), (8 bytes).
    Removing gd32f4xx_usart.o(.ARM.exidx.text.usart_dma_transmit_config), (8 bytes).
    Removing gd32f4xx_usart.o(.text.usart_flag_get), (16 bytes).
    Removing gd32f4xx_usart.o(.ARM.exidx.text.usart_flag_get), (8 bytes).
    Removing gd32f4xx_usart.o(.text.usart_flag_clear), (24 bytes).
    Removing gd32f4xx_usart.o(.ARM.exidx.text.usart_flag_clear), (8 bytes).
    Removing gd32f4xx_usart.o(.text.usart_interrupt_enable), (22 bytes).
    Removing gd32f4xx_usart.o(.ARM.exidx.text.usart_interrupt_enable), (8 bytes).
    Removing gd32f4xx_usart.o(.text.usart_interrupt_disable), (24 bytes).
    Removing gd32f4xx_usart.o(.ARM.exidx.text.usart_interrupt_disable), (8 bytes).
    Removing gd32f4xx_usart.o(.text.usart_interrupt_flag_get), (34 bytes).
    Removing gd32f4xx_usart.o(.ARM.exidx.text.usart_interrupt_flag_get), (8 bytes).
    Removing gd32f4xx_usart.o(.text.usart_interrupt_flag_clear), (24 bytes).
    Removing gd32f4xx_usart.o(.ARM.exidx.text.usart_interrupt_flag_clear), (8 bytes).
    Removing gd32f4xx_wwdgt.o(.text), (0 bytes).
    Removing gd32f4xx_wwdgt.o(.text.wwdgt_deinit), (20 bytes).
    Removing gd32f4xx_wwdgt.o(.ARM.exidx.text.wwdgt_deinit), (8 bytes).
    Removing gd32f4xx_wwdgt.o(.text.wwdgt_enable), (18 bytes).
    Removing gd32f4xx_wwdgt.o(.ARM.exidx.text.wwdgt_enable), (8 bytes).
    Removing gd32f4xx_wwdgt.o(.text.wwdgt_counter_update), (16 bytes).
    Removing gd32f4xx_wwdgt.o(.ARM.exidx.text.wwdgt_counter_update), (8 bytes).
    Removing gd32f4xx_wwdgt.o(.text.wwdgt_config), (24 bytes).
    Removing gd32f4xx_wwdgt.o(.ARM.exidx.text.wwdgt_config), (8 bytes).
    Removing gd32f4xx_wwdgt.o(.text.wwdgt_flag_get), (16 bytes).
    Removing gd32f4xx_wwdgt.o(.ARM.exidx.text.wwdgt_flag_get), (8 bytes).
    Removing gd32f4xx_wwdgt.o(.text.wwdgt_flag_clear), (14 bytes).
    Removing gd32f4xx_wwdgt.o(.ARM.exidx.text.wwdgt_flag_clear), (8 bytes).
    Removing gd32f4xx_wwdgt.o(.text.wwdgt_interrupt_enable), (18 bytes).
    Removing gd32f4xx_wwdgt.o(.ARM.exidx.text.wwdgt_interrupt_enable), (8 bytes).
    Removing gd32f4xx_can.o(.text), (0 bytes).
    Removing gd32f4xx_can.o(.text.can_deinit), (36 bytes).
    Removing gd32f4xx_can.o(.ARM.exidx.text.can_deinit), (8 bytes).
    Removing gd32f4xx_can.o(.text.can_struct_para_init), (98 bytes).
    Removing gd32f4xx_can.o(.ARM.exidx.text.can_struct_para_init), (8 bytes).
    Removing gd32f4xx_can.o(.text.can_init), (230 bytes).
    Removing gd32f4xx_can.o(.ARM.exidx.text.can_init), (8 bytes).
    Removing gd32f4xx_can.o(.text.can_filter_init), (178 bytes).
    Removing gd32f4xx_can.o(.ARM.exidx.text.can_filter_init), (8 bytes).
    Removing gd32f4xx_can.o(.text.can1_filter_start_bank), (46 bytes).
    Removing gd32f4xx_can.o(.ARM.exidx.text.can1_filter_start_bank), (8 bytes).
    Removing gd32f4xx_can.o(.text.can_debug_freeze_enable), (38 bytes).
    Removing gd32f4xx_can.o(.ARM.exidx.text.can_debug_freeze_enable), (8 bytes).
    Removing gd32f4xx_can.o(.text.can_debug_freeze_disable), (38 bytes).
    Removing gd32f4xx_can.o(.ARM.exidx.text.can_debug_freeze_disable), (8 bytes).
    Removing gd32f4xx_can.o(.text.can_time_trigger_mode_enable), (32 bytes).
    Removing gd32f4xx_can.o(.ARM.exidx.text.can_time_trigger_mode_enable), (8 bytes).
    Removing gd32f4xx_can.o(.text.can_time_trigger_mode_disable), (32 bytes).
    Removing gd32f4xx_can.o(.ARM.exidx.text.can_time_trigger_mode_disable), (8 bytes).
    Removing gd32f4xx_can.o(.text.can_message_transmit), (168 bytes).
    Removing gd32f4xx_can.o(.ARM.exidx.text.can_message_transmit), (8 bytes).
    Removing gd32f4xx_can.o(.text.can_transmit_states), (96 bytes).
    Removing gd32f4xx_can.o(.ARM.exidx.text.can_transmit_states), (8 bytes).
    Removing gd32f4xx_can.o(.text.can_transmission_stop), (64 bytes).
    Removing gd32f4xx_can.o(.ARM.exidx.text.can_transmission_stop), (8 bytes).
    Removing gd32f4xx_can.o(.text.can_message_receive), (164 bytes).
    Removing gd32f4xx_can.o(.ARM.exidx.text.can_message_receive), (8 bytes).
    Removing gd32f4xx_can.o(.text.can_fifo_release), (26 bytes).
    Removing gd32f4xx_can.o(.ARM.exidx.text.can_fifo_release), (8 bytes).
    Removing gd32f4xx_can.o(.text.can_receive_message_length_get), (24 bytes).
    Removing gd32f4xx_can.o(.ARM.exidx.text.can_receive_message_length_get), (8 bytes).
    Removing gd32f4xx_can.o(.text.can_working_mode_set), (148 bytes).
    Removing gd32f4xx_can.o(.ARM.exidx.text.can_working_mode_set), (8 bytes).
    Removing gd32f4xx_can.o(.text.can_wakeup), (40 bytes).
    Removing gd32f4xx_can.o(.ARM.exidx.text.can_wakeup), (8 bytes).
    Removing gd32f4xx_can.o(.text.can_error_get), (8 bytes).
    Removing gd32f4xx_can.o(.ARM.exidx.text.can_error_get), (8 bytes).
    Removing gd32f4xx_can.o(.text.can_receive_error_number_get), (6 bytes).
    Removing gd32f4xx_can.o(.ARM.exidx.text.can_receive_error_number_get), (8 bytes).
    Removing gd32f4xx_can.o(.text.can_transmit_error_number_get), (8 bytes).
    Removing gd32f4xx_can.o(.ARM.exidx.text.can_transmit_error_number_get), (8 bytes).
    Removing gd32f4xx_can.o(.text.can_flag_get), (16 bytes).
    Removing gd32f4xx_can.o(.ARM.exidx.text.can_flag_get), (8 bytes).
    Removing gd32f4xx_can.o(.text.can_flag_clear), (16 bytes).
    Removing gd32f4xx_can.o(.ARM.exidx.text.can_flag_clear), (8 bytes).
    Removing gd32f4xx_can.o(.text.can_interrupt_enable), (8 bytes).
    Removing gd32f4xx_can.o(.ARM.exidx.text.can_interrupt_enable), (8 bytes).
    Removing gd32f4xx_can.o(.text.can_interrupt_disable), (10 bytes).
    Removing gd32f4xx_can.o(.ARM.exidx.text.can_interrupt_disable), (8 bytes).
    Removing gd32f4xx_can.o(.text.can_interrupt_flag_get), (98 bytes).
    Removing gd32f4xx_can.o(.ARM.exidx.text.can_interrupt_flag_get), (8 bytes).
    Removing gd32f4xx_can.o(.text.can_interrupt_flag_clear), (16 bytes).
    Removing gd32f4xx_can.o(.ARM.exidx.text.can_interrupt_flag_clear), (8 bytes).
    Removing main.o(.text), (0 bytes).
    Removing main.o(.ARM.exidx.text.SysTick_Handler), (8 bytes).
    Removing main.o(.ARM.exidx.text.main), (8 bytes).
    Removing main.o(.ARM.exidx.text.SysTick_Config), (8 bytes).
    Removing main.o(.ARM.exidx.text.NVIC_SetPriority), (8 bytes).
    Removing main.o(.ARM.use_no_argv), (4 bytes).
    Removing max6691.o(.text), (0 bytes).
    Removing max6691.o(.ARM.exidx.text.timeToResist), (8 bytes).
    Removing max6691.o(.ARM.exidx.text.checkHighTimeToErr), (8 bytes).
    Removing max6691.o(.ARM.exidx.text.max_6691), (8 bytes).
    Removing max6691.o(.ARM.exidx.text.max6691_init), (8 bytes).
    Removing max6691.o(.ARM.exidx.text.EXTI0_IRQHandler), (8 bytes).
    Removing usart.o(.text), (0 bytes).
    Removing usart.o(.ARM.exidx.text.USART_init), (8 bytes).
    Removing usart.o(.ARM.exidx.text.USART_printTemp), (8 bytes).
    Removing usart.o(.ARM.exidx.text.DMA1_Channel7_IRQHandler), (8 bytes).
    Removing lookuptable.o(.text), (0 bytes).
    Removing lookuptable.o(.ARM.exidx.text.BinarySearch_float), (8 bytes).
    Removing lookuptable.o(.ARM.exidx.text.LookupTable), (8 bytes).

1555 unused section(s) (total 31134 bytes) removed from the image.

==============================================================================

Image Symbol Table

    Local Symbols

    Symbol Name                              Value     Ov Type        Size  Object(Section)

    ../Libs/CMSIS/GD/GD32F4xx/Source/ARM/startup_gd32f405_425.s 0x00000000   Number         0  startup_gd32f405_425.o ABSOLUTE
    ../clib/angel/boardlib.s                 0x00000000   Number         0  boardinit1.o ABSOLUTE
    ../clib/angel/boardlib.s                 0x00000000   Number         0  boardinit2.o ABSOLUTE
    ../clib/angel/boardlib.s                 0x00000000   Number         0  boardinit3.o ABSOLUTE
    ../clib/angel/boardlib.s                 0x00000000   Number         0  boardshut.o ABSOLUTE
    ../clib/angel/handlers.s                 0x00000000   Number         0  __scatter_copy.o ABSOLUTE
    ../clib/angel/handlers.s                 0x00000000   Number         0  __scatter_zi.o ABSOLUTE
    ../clib/angel/kernel.s                   0x00000000   Number         0  __rtentry.o ABSOLUTE
    ../clib/angel/kernel.s                   0x00000000   Number         0  __rtentry2.o ABSOLUTE
    ../clib/angel/kernel.s                   0x00000000   Number         0  __rtentry4.o ABSOLUTE
    ../clib/angel/kernel.s                   0x00000000   Number         0  rtexit.o ABSOLUTE
    ../clib/angel/kernel.s                   0x00000000   Number         0  rtexit2.o ABSOLUTE
    ../clib/angel/rt.s                       0x00000000   Number         0  rt_raise.o ABSOLUTE
    ../clib/angel/scatter.s                  0x00000000   Number         0  __scatter.o ABSOLUTE
    ../clib/angel/startup.s                  0x00000000   Number         0  __main.o ABSOLUTE
    ../clib/angel/sys.s                      0x00000000   Number         0  sys_stackheap_outer.o ABSOLUTE
    ../clib/angel/sys.s                      0x00000000   Number         0  libspace.o ABSOLUTE
    ../clib/angel/sys.s                      0x00000000   Number         0  use_no_semi.o ABSOLUTE
    ../clib/angel/sys.s                      0x00000000   Number         0  indicate_semi.o ABSOLUTE
    ../clib/angel/sysapp.c                   0x00000000   Number         0  sys_exit.o ABSOLUTE
    ../clib/angel/sysapp.c                   0x00000000   Number         0  sys_exit_hlt.o ABSOLUTE
    ../clib/angel/sysapp.c                   0x00000000   Number         0  sys_command.o ABSOLUTE
    ../clib/angel/sysapp.c                   0x00000000   Number         0  sys_command_hlt.o ABSOLUTE
    ../clib/angel/sysapp.c                   0x00000000   Number         0  sys_wrch.o ABSOLUTE
    ../clib/angel/sysapp.c                   0x00000000   Number         0  sys_wrch_hlt.o ABSOLUTE
    ../clib/armsys.c                         0x00000000   Number         0  argv_veneer.o ABSOLUTE
    ../clib/armsys.c                         0x00000000   Number         0  argv_veneer.o ABSOLUTE
    ../clib/armsys.c                         0x00000000   Number         0  _get_argv_nomalloc.o ABSOLUTE
    ../clib/armsys.c                         0x00000000   Number         0  no_argv.o ABSOLUTE
    ../clib/heapalloc.c                      0x00000000   Number         0  hrguard.o ABSOLUTE
    ../clib/heapaux.c                        0x00000000   Number         0  heapauxi.o ABSOLUTE
    ../clib/libinit.s                        0x00000000   Number         0  libinit.o ABSOLUTE
    ../clib/libinit.s                        0x00000000   Number         0  libinit2.o ABSOLUTE
    ../clib/libinit.s                        0x00000000   Number         0  libshutdown.o ABSOLUTE
    ../clib/libinit.s                        0x00000000   Number         0  libshutdown2.o ABSOLUTE
    ../clib/memcpset.s                       0x00000000   Number         0  rt_memclr_w.o ABSOLUTE
    ../clib/signal.c                         0x00000000   Number         0  defsig_rtmem_outer.o ABSOLUTE
    ../clib/signal.c                         0x00000000   Number         0  defsig_rtmem_formal.o ABSOLUTE
    ../clib/signal.c                         0x00000000   Number         0  defsig_exit.o ABSOLUTE
    ../clib/signal.c                         0x00000000   Number         0  defsig_rtmem_inner.o ABSOLUTE
    ../clib/signal.c                         0x00000000   Number         0  __raise.o ABSOLUTE
    ../clib/signal.c                         0x00000000   Number         0  defsig_general.o ABSOLUTE
    ../clib/signal.c                         0x00000000   Number         0  defsig_abrt_inner.o ABSOLUTE
    ../clib/signal.c                         0x00000000   Number         0  defsig_fpe_inner.o ABSOLUTE
    ../clib/signal.c                         0x00000000   Number         0  defsig_rtred_inner.o ABSOLUTE
    ../clib/signal.c                         0x00000000   Number         0  defsig_stak_inner.o ABSOLUTE
    ../clib/signal.c                         0x00000000   Number         0  defsig_pvfn_inner.o ABSOLUTE
    ../clib/signal.c                         0x00000000   Number         0  defsig_cppl_inner.o ABSOLUTE
    ../clib/signal.c                         0x00000000   Number         0  defsig_segv_inner.o ABSOLUTE
    ../clib/signal.c                         0x00000000   Number         0  defsig_other.o ABSOLUTE
    ../clib/signal.s                         0x00000000   Number         0  defsig.o ABSOLUTE
    ../clib/stdlib.c                         0x00000000   Number         0  exit.o ABSOLUTE
    ../fplib/fpinit.s                        0x00000000   Number         0  fpinit.o ABSOLUTE
    LookupTable.c                            0x00000000   Number         0  lookuptable.o ABSOLUTE
    USART.c                                  0x00000000   Number         0  usart.o ABSOLUTE
    dc.s                                     0x00000000   Number         0  dc.o ABSOLUTE
    gd32f4xx_adc.c                           0x00000000   Number         0  gd32f4xx_adc.o ABSOLUTE
    gd32f4xx_can.c                           0x00000000   Number         0  gd32f4xx_can.o ABSOLUTE
    gd32f4xx_crc.c                           0x00000000   Number         0  gd32f4xx_crc.o ABSOLUTE
    gd32f4xx_ctc.c                           0x00000000   Number         0  gd32f4xx_ctc.o ABSOLUTE
    gd32f4xx_dac.c                           0x00000000   Number         0  gd32f4xx_dac.o ABSOLUTE
    gd32f4xx_dbg.c                           0x00000000   Number         0  gd32f4xx_dbg.o ABSOLUTE
    gd32f4xx_dci.c                           0x00000000   Number         0  gd32f4xx_dci.o ABSOLUTE
    gd32f4xx_dma.c                           0x00000000   Number         0  gd32f4xx_dma.o ABSOLUTE
    gd32f4xx_exmc.c                          0x00000000   Number         0  gd32f4xx_exmc.o ABSOLUTE
    gd32f4xx_exti.c                          0x00000000   Number         0  gd32f4xx_exti.o ABSOLUTE
    gd32f4xx_fmc.c                           0x00000000   Number         0  gd32f4xx_fmc.o ABSOLUTE
    gd32f4xx_fwdgt.c                         0x00000000   Number         0  gd32f4xx_fwdgt.o ABSOLUTE
    gd32f4xx_gpio.c                          0x00000000   Number         0  gd32f4xx_gpio.o ABSOLUTE
    gd32f4xx_i2c.c                           0x00000000   Number         0  gd32f4xx_i2c.o ABSOLUTE
    gd32f4xx_ipa.c                           0x00000000   Number         0  gd32f4xx_ipa.o ABSOLUTE
    gd32f4xx_iref.c                          0x00000000   Number         0  gd32f4xx_iref.o ABSOLUTE
    gd32f4xx_misc.c                          0x00000000   Number         0  gd32f4xx_misc.o ABSOLUTE
    gd32f4xx_pmu.c                           0x00000000   Number         0  gd32f4xx_pmu.o ABSOLUTE
    gd32f4xx_rcu.c                           0x00000000   Number         0  gd32f4xx_rcu.o ABSOLUTE
    gd32f4xx_rtc.c                           0x00000000   Number         0  gd32f4xx_rtc.o ABSOLUTE
    gd32f4xx_sdio.c                          0x00000000   Number         0  gd32f4xx_sdio.o ABSOLUTE
    gd32f4xx_spi.c                           0x00000000   Number         0  gd32f4xx_spi.o ABSOLUTE
    gd32f4xx_syscfg.c                        0x00000000   Number         0  gd32f4xx_syscfg.o ABSOLUTE
    gd32f4xx_timer.c                         0x00000000   Number         0  gd32f4xx_timer.o ABSOLUTE
    gd32f4xx_tli.c                           0x00000000   Number         0  gd32f4xx_tli.o ABSOLUTE
    gd32f4xx_trng.c                          0x00000000   Number         0  gd32f4xx_trng.o ABSOLUTE
    gd32f4xx_usart.c                         0x00000000   Number         0  gd32f4xx_usart.o ABSOLUTE
    gd32f4xx_wwdgt.c                         0x00000000   Number         0  gd32f4xx_wwdgt.o ABSOLUTE
    main.c                                   0x00000000   Number         0  main.o ABSOLUTE
    max6691.c                                0x00000000   Number         0  max6691.o ABSOLUTE
    system_gd32f4xx.c                        0x00000000   Number         0  system_gd32f4xx.o ABSOLUTE
    RESET                                    0x08000000   Section      392  startup_gd32f405_425.o(RESET)
    !!!main                                  0x08000188   Section        8  __main.o(!!!main)
    !!!scatter                               0x08000190   Section       52  __scatter.o(!!!scatter)
    !!handler_copy                           0x080001c4   Section       26  __scatter_copy.o(!!handler_copy)
    !!handler_zi                             0x080001e0   Section       28  __scatter_zi.o(!!handler_zi)
    .ARM.Collect$$libinit$$00000000          0x080001fc   Section        2  libinit.o(.ARM.Collect$$libinit$$00000000)
    .ARM.Collect$$libinit$$00000001          0x080001fe   Section        4  libinit2.o(.ARM.Collect$$libinit$$00000001)
    .ARM.Collect$$libinit$$00000004          0x08000202   Section        0  libinit2.o(.ARM.Collect$$libinit$$00000004)
    .ARM.Collect$$libinit$$0000000A          0x08000202   Section        0  libinit2.o(.ARM.Collect$$libinit$$0000000A)
    .ARM.Collect$$libinit$$0000000C          0x08000202   Section        0  libinit2.o(.ARM.Collect$$libinit$$0000000C)
    .ARM.Collect$$libinit$$0000000E          0x08000202   Section        0  libinit2.o(.ARM.Collect$$libinit$$0000000E)
    .ARM.Collect$$libinit$$00000011          0x08000202   Section        0  libinit2.o(.ARM.Collect$$libinit$$00000011)
    .ARM.Collect$$libinit$$00000013          0x08000202   Section        0  libinit2.o(.ARM.Collect$$libinit$$00000013)
    .ARM.Collect$$libinit$$00000015          0x08000202   Section        0  libinit2.o(.ARM.Collect$$libinit$$00000015)
    .ARM.Collect$$libinit$$00000017          0x08000202   Section        0  libinit2.o(.ARM.Collect$$libinit$$00000017)
    .ARM.Collect$$libinit$$00000019          0x08000202   Section        0  libinit2.o(.ARM.Collect$$libinit$$00000019)
    .ARM.Collect$$libinit$$0000001B          0x08000202   Section        0  libinit2.o(.ARM.Collect$$libinit$$0000001B)
    .ARM.Collect$$libinit$$0000001D          0x08000202   Section        0  libinit2.o(.ARM.Collect$$libinit$$0000001D)
    .ARM.Collect$$libinit$$0000001F          0x08000202   Section        0  libinit2.o(.ARM.Collect$$libinit$$0000001F)
    .ARM.Collect$$libinit$$00000021          0x08000202   Section        0  libinit2.o(.ARM.Collect$$libinit$$00000021)
    .ARM.Collect$$libinit$$00000023          0x08000202   Section        0  libinit2.o(.ARM.Collect$$libinit$$00000023)
    .ARM.Collect$$libinit$$00000025          0x08000202   Section        0  libinit2.o(.ARM.Collect$$libinit$$00000025)
    .ARM.Collect$$libinit$$0000002C          0x08000202   Section        0  libinit2.o(.ARM.Collect$$libinit$$0000002C)
    .ARM.Collect$$libinit$$0000002E          0x08000202   Section        0  libinit2.o(.ARM.Collect$$libinit$$0000002E)
    .ARM.Collect$$libinit$$00000030          0x08000202   Section        0  libinit2.o(.ARM.Collect$$libinit$$00000030)
    .ARM.Collect$$libinit$$00000032          0x08000202   Section        0  libinit2.o(.ARM.Collect$$libinit$$00000032)
    .ARM.Collect$$libinit$$00000033          0x08000202   Section        2  libinit2.o(.ARM.Collect$$libinit$$00000033)
    .ARM.Collect$$libshutdown$$00000000      0x08000204   Section        2  libshutdown.o(.ARM.Collect$$libshutdown$$00000000)
    .ARM.Collect$$libshutdown$$00000002      0x08000206   Section        0  libshutdown2.o(.ARM.Collect$$libshutdown$$00000002)
    .ARM.Collect$$libshutdown$$00000004      0x08000206   Section        0  libshutdown2.o(.ARM.Collect$$libshutdown$$00000004)
    .ARM.Collect$$libshutdown$$00000007      0x08000206   Section        0  libshutdown2.o(.ARM.Collect$$libshutdown$$00000007)
    .ARM.Collect$$libshutdown$$0000000A      0x08000206   Section        0  libshutdown2.o(.ARM.Collect$$libshutdown$$0000000A)
    .ARM.Collect$$libshutdown$$0000000C      0x08000206   Section        0  libshutdown2.o(.ARM.Collect$$libshutdown$$0000000C)
    .ARM.Collect$$libshutdown$$0000000F      0x08000206   Section        0  libshutdown2.o(.ARM.Collect$$libshutdown$$0000000F)
    .ARM.Collect$$libshutdown$$00000010      0x08000206   Section        2  libshutdown2.o(.ARM.Collect$$libshutdown$$00000010)
    .ARM.Collect$$rtentry$$00000000          0x08000208   Section        0  __rtentry.o(.ARM.Collect$$rtentry$$00000000)
    .ARM.Collect$$rtentry$$00000002          0x08000208   Section        0  __rtentry2.o(.ARM.Collect$$rtentry$$00000002)
    .ARM.Collect$$rtentry$$00000004          0x08000208   Section        6  __rtentry4.o(.ARM.Collect$$rtentry$$00000004)
    .ARM.Collect$$rtentry$$00000009          0x0800020e   Section        0  __rtentry2.o(.ARM.Collect$$rtentry$$00000009)
    .ARM.Collect$$rtentry$$0000000A          0x0800020e   Section        4  __rtentry2.o(.ARM.Collect$$rtentry$$0000000A)
    .ARM.Collect$$rtentry$$0000000C          0x08000212   Section        0  __rtentry2.o(.ARM.Collect$$rtentry$$0000000C)
    .ARM.Collect$$rtentry$$0000000D          0x08000212   Section        8  __rtentry2.o(.ARM.Collect$$rtentry$$0000000D)
    .ARM.Collect$$rtexit$$00000000           0x0800021a   Section        2  rtexit.o(.ARM.Collect$$rtexit$$00000000)
    .ARM.Collect$$rtexit$$00000002           0x0800021c   Section        0  rtexit2.o(.ARM.Collect$$rtexit$$00000002)
    .ARM.Collect$$rtexit$$00000003           0x0800021c   Section        4  rtexit2.o(.ARM.Collect$$rtexit$$00000003)
    .ARM.Collect$$rtexit$$00000004           0x08000220   Section        6  rtexit2.o(.ARM.Collect$$rtexit$$00000004)
    $v0                                      0x08000228   Number         0  startup_gd32f405_425.o(.text)
    .text                                    0x08000228   Section       64  startup_gd32f405_425.o(.text)
    .text                                    0x08000268   Section        0  heapauxi.o(.text)
    .text                                    0x0800026e   Section       74  sys_stackheap_outer.o(.text)
    .text                                    0x080002b8   Section        0  exit.o(.text)
    .text                                    0x080002cc   Section        8  libspace.o(.text)
    .text                                    0x080002d4   Section        0  sys_exit.o(.text)
    .text                                    0x080002e0   Section        2  use_no_semi.o(.text)
    .text                                    0x080002e2   Section        0  indicate_semi.o(.text)
    [Anonymous Symbol]                       0x080002e4   Section        0  lookuptable.o(.text.BinarySearch_float)
    [Anonymous Symbol]                       0x08000368   Section        0  usart.o(.text.DMA1_Channel7_IRQHandler)
    [Anonymous Symbol]                       0x08000398   Section        0  max6691.o(.text.EXTI0_IRQHandler)
    [Anonymous Symbol]                       0x080003f4   Section        0  lookuptable.o(.text.LookupTable)
    NVIC_SetPriority                         0x08000471   Thumb Code    14  main.o(.text.NVIC_SetPriority)
    [Anonymous Symbol]                       0x08000470   Section        0  main.o(.text.NVIC_SetPriority)
    SysTick_Config                           0x08000481   Thumb Code    36  main.o(.text.SysTick_Config)
    [Anonymous Symbol]                       0x08000480   Section        0  main.o(.text.SysTick_Config)
    [Anonymous Symbol]                       0x080004a4   Section        0  main.o(.text.SysTick_Handler)
    [Anonymous Symbol]                       0x080004d0   Section        0  system_gd32f4xx.o(.text.SystemInit)
    [Anonymous Symbol]                       0x08000580   Section        0  usart.o(.text.USART_init)
    [Anonymous Symbol]                       0x08000684   Section        0  usart.o(.text.USART_printTemp)
    [Anonymous Symbol]                       0x080006a8   Section        0  max6691.o(.text.checkHighTimeToErr)
    [Anonymous Symbol]                       0x080006b8   Section        0  gd32f4xx_dma.o(.text.dma_channel_disable)
    [Anonymous Symbol]                       0x080006cc   Section        0  gd32f4xx_dma.o(.text.dma_channel_enable)
    [Anonymous Symbol]                       0x080006e0   Section        0  gd32f4xx_dma.o(.text.dma_channel_subperipheral_select)
    [Anonymous Symbol]                       0x080006f8   Section        0  gd32f4xx_dma.o(.text.dma_circulation_disable)
    [Anonymous Symbol]                       0x0800070c   Section        0  gd32f4xx_dma.o(.text.dma_deinit)
    [Anonymous Symbol]                       0x08000758   Section        0  gd32f4xx_dma.o(.text.dma_interrupt_enable)
    [Anonymous Symbol]                       0x08000774   Section        0  gd32f4xx_dma.o(.text.dma_interrupt_flag_clear)
    [Anonymous Symbol]                       0x080007a0   Section        0  gd32f4xx_dma.o(.text.dma_interrupt_flag_get)
    [Anonymous Symbol]                       0x08000a18   Section        0  gd32f4xx_dma.o(.text.dma_single_data_mode_init)
    [Anonymous Symbol]                       0x08000aa0   Section        0  gd32f4xx_exti.o(.text.exti_init)
    [Anonymous Symbol]                       0x08000b3c   Section        0  gd32f4xx_exti.o(.text.exti_interrupt_flag_clear)
    [Anonymous Symbol]                       0x08000b48   Section        0  gd32f4xx_exti.o(.text.exti_interrupt_flag_get)
    [Anonymous Symbol]                       0x08000b5c   Section        0  gd32f4xx_gpio.o(.text.gpio_af_set)
    [Anonymous Symbol]                       0x08000bcc   Section        0  gd32f4xx_gpio.o(.text.gpio_bit_reset)
    [Anonymous Symbol]                       0x08000bd0   Section        0  gd32f4xx_gpio.o(.text.gpio_bit_set)
    [Anonymous Symbol]                       0x08000bd4   Section        0  gd32f4xx_gpio.o(.text.gpio_mode_set)
    [Anonymous Symbol]                       0x08000c28   Section        0  gd32f4xx_gpio.o(.text.gpio_output_options_set)
    [Anonymous Symbol]                       0x08000c70   Section        0  main.o(.text.main)
    [Anonymous Symbol]                       0x08000cec   Section        0  max6691.o(.text.max6691_init)
    [Anonymous Symbol]                       0x08000d58   Section        0  max6691.o(.text.max_6691)
    [Anonymous Symbol]                       0x0800100c   Section        0  gd32f4xx_misc.o(.text.nvic_irq_enable)
    [Anonymous Symbol]                       0x080010b0   Section        0  gd32f4xx_misc.o(.text.nvic_priority_group_set)
    [Anonymous Symbol]                       0x080010c4   Section        0  gd32f4xx_rcu.o(.text.rcu_clock_freq_get)
    [Anonymous Symbol]                       0x08001188   Section        0  gd32f4xx_rcu.o(.text.rcu_periph_clock_enable)
    [Anonymous Symbol]                       0x080011a8   Section        0  gd32f4xx_rcu.o(.text.rcu_periph_reset_disable)
    [Anonymous Symbol]                       0x080011c8   Section        0  gd32f4xx_rcu.o(.text.rcu_periph_reset_enable)
    [Anonymous Symbol]                       0x080011e8   Section        0  gd32f4xx_syscfg.o(.text.syscfg_exti_line_config)
    system_clock_200m_25m_hxtal              0x0800126d   Thumb Code   188  system_gd32f4xx.o(.text.system_clock_200m_25m_hxtal)
    [Anonymous Symbol]                       0x0800126c   Section        0  system_gd32f4xx.o(.text.system_clock_200m_25m_hxtal)
    system_clock_config                      0x08001329   Thumb Code     8  system_gd32f4xx.o(.text.system_clock_config)
    [Anonymous Symbol]                       0x08001328   Section        0  system_gd32f4xx.o(.text.system_clock_config)
    [Anonymous Symbol]                       0x08001330   Section        0  max6691.o(.text.timeToResist)
    [Anonymous Symbol]                       0x0800136c   Section        0  gd32f4xx_usart.o(.text.usart_baudrate_set)
    [Anonymous Symbol]                       0x0800142c   Section        0  gd32f4xx_usart.o(.text.usart_deinit)
    [Anonymous Symbol]                       0x080014f0   Section        0  gd32f4xx_usart.o(.text.usart_dma_transmit_config)
    [Anonymous Symbol]                       0x08001504   Section        0  gd32f4xx_usart.o(.text.usart_enable)
    [Anonymous Symbol]                       0x08001510   Section        0  gd32f4xx_usart.o(.text.usart_receive_config)
    [Anonymous Symbol]                       0x0800151c   Section        0  gd32f4xx_usart.o(.text.usart_transmit_config)
    $v0                                      0x08001528   Number         0  fpinit.o(x$fpl$fpinit)
    x$fpl$fpinit                             0x08001528   Section       26  fpinit.o(x$fpl$fpinit)
    .bss                                     0x20000048   Section       96  libspace.o(.bss)
    EXTI0_IRQHandler.timeStart               0x200000a8   Data           4  max6691.o(.bss.EXTI0_IRQHandler.timeStart)
    [Anonymous Symbol]                       0x200000a8   Section        0  max6691.o(.bss.EXTI0_IRQHandler.timeStart)
    max_6691.setStartBitTime                 0x200000b8   Data           4  max6691.o(.bss.max_6691.setStartBitTime)
    [Anonymous Symbol]                       0x200000b8   Section        0  max6691.o(.bss.max_6691.setStartBitTime)
    Heap_Mem                                 0x200000c0   Data        1024  startup_gd32f405_425.o(HEAP)
    HEAP                                     0x200000c0   Section     1024  startup_gd32f405_425.o(HEAP)
    Stack_Mem                                0x200004c0   Data        1024  startup_gd32f405_425.o(STACK)
    STACK                                    0x200004c0   Section     1024  startup_gd32f405_425.o(STACK)
    __initial_sp                             0x200008c0   Data           0  startup_gd32f405_425.o(STACK)

    Global Symbols

    Symbol Name                              Value     Ov Type        Size  Object(Section)

    BuildAttributes$$THM_ISAv4$E$P$D$K$B$S$7EM$VFPi3$EXTD16$VFPS$VFMA$PE$A:L22UL41UL21$X:L11$S22US41US21$IEEE1$IW$~IW$USESV6$~STKCKD$USESV7$~SHL$OTIME$ROPI$EBA8$UX$STANDARDLIB$REQ8$PRES8$EABIv2 0x00000000   Number         0  anon$$obj.o ABSOLUTE
    __ARM_exceptions_init                     - Undefined Weak Reference
    __alloca_initialize                       - Undefined Weak Reference
    __arm_preinit_                            - Undefined Weak Reference
    __cpp_initialize__aeabi_                  - Undefined Weak Reference
    __cxa_finalize                            - Undefined Weak Reference
    __rt_locale                               - Undefined Weak Reference
    __sigvec_lookup                           - Undefined Weak Reference
    _atexit_init                              - Undefined Weak Reference
    _call_atexit_fns                          - Undefined Weak Reference
    _clock_init                               - Undefined Weak Reference
    _fp_trap_init                             - Undefined Weak Reference
    _fp_trap_shutdown                         - Undefined Weak Reference
    _get_lc_collate                           - Undefined Weak Reference
    _get_lc_ctype                             - Undefined Weak Reference
    _get_lc_monetary                          - Undefined Weak Reference
    _get_lc_numeric                           - Undefined Weak Reference
    _get_lc_time                              - Undefined Weak Reference
    _getenv_init                              - Undefined Weak Reference
    _handle_redirection                       - Undefined Weak Reference
    _init_alloc                               - Undefined Weak Reference
    _init_user_alloc                          - Undefined Weak Reference
    _initio                                   - Undefined Weak Reference
    _rand_init                                - Undefined Weak Reference
    _signal_finish                            - Undefined Weak Reference
    _signal_init                              - Undefined Weak Reference
    _terminate_alloc                          - Undefined Weak Reference
    _terminate_user_alloc                     - Undefined Weak Reference
    _terminateio                              - Undefined Weak Reference
    __Vectors_Size                           0x00000188   Number         0  startup_gd32f405_425.o ABSOLUTE
    __Vectors                                0x08000000   Data           4  startup_gd32f405_425.o(RESET)
    __Vectors_End                            0x08000188   Data           0  startup_gd32f405_425.o(RESET)
    __main                                   0x08000189   Thumb Code     8  __main.o(!!!main)
    __scatterload                            0x08000191   Thumb Code     0  __scatter.o(!!!scatter)
    __scatterload_rt2                        0x08000191   Thumb Code    44  __scatter.o(!!!scatter)
    __scatterload_rt2_thumb_only             0x08000191   Thumb Code     0  __scatter.o(!!!scatter)
    __scatterload_null                       0x0800019f   Thumb Code     0  __scatter.o(!!!scatter)
    __scatterload_copy                       0x080001c5   Thumb Code    26  __scatter_copy.o(!!handler_copy)
    __scatterload_zeroinit                   0x080001e1   Thumb Code    28  __scatter_zi.o(!!handler_zi)
    __rt_lib_init                            0x080001fd   Thumb Code     0  libinit.o(.ARM.Collect$$libinit$$00000000)
    __rt_lib_init_fp_1                       0x080001ff   Thumb Code     0  libinit2.o(.ARM.Collect$$libinit$$00000001)
    __rt_lib_init_alloca_1                   0x08000203   Thumb Code     0  libinit2.o(.ARM.Collect$$libinit$$0000002E)
    __rt_lib_init_argv_1                     0x08000203   Thumb Code     0  libinit2.o(.ARM.Collect$$libinit$$0000002C)
    __rt_lib_init_atexit_1                   0x08000203   Thumb Code     0  libinit2.o(.ARM.Collect$$libinit$$0000001B)
    __rt_lib_init_clock_1                    0x08000203   Thumb Code     0  libinit2.o(.ARM.Collect$$libinit$$00000021)
    __rt_lib_init_cpp_1                      0x08000203   Thumb Code     0  libinit2.o(.ARM.Collect$$libinit$$00000032)
    __rt_lib_init_exceptions_1               0x08000203   Thumb Code     0  libinit2.o(.ARM.Collect$$libinit$$00000030)
    __rt_lib_init_fp_trap_1                  0x08000203   Thumb Code     0  libinit2.o(.ARM.Collect$$libinit$$0000001F)
    __rt_lib_init_getenv_1                   0x08000203   Thumb Code     0  libinit2.o(.ARM.Collect$$libinit$$00000023)
    __rt_lib_init_heap_1                     0x08000203   Thumb Code     0  libinit2.o(.ARM.Collect$$libinit$$0000000A)
    __rt_lib_init_lc_collate_1               0x08000203   Thumb Code     0  libinit2.o(.ARM.Collect$$libinit$$00000011)
    __rt_lib_init_lc_ctype_1                 0x08000203   Thumb Code     0  libinit2.o(.ARM.Collect$$libinit$$00000013)
    __rt_lib_init_lc_monetary_1              0x08000203   Thumb Code     0  libinit2.o(.ARM.Collect$$libinit$$00000015)
    __rt_lib_init_lc_numeric_1               0x08000203   Thumb Code     0  libinit2.o(.ARM.Collect$$libinit$$00000017)
    __rt_lib_init_lc_time_1                  0x08000203   Thumb Code     0  libinit2.o(.ARM.Collect$$libinit$$00000019)
    __rt_lib_init_preinit_1                  0x08000203   Thumb Code     0  libinit2.o(.ARM.Collect$$libinit$$00000004)
    __rt_lib_init_rand_1                     0x08000203   Thumb Code     0  libinit2.o(.ARM.Collect$$libinit$$0000000E)
    __rt_lib_init_return                     0x08000203   Thumb Code     0  libinit2.o(.ARM.Collect$$libinit$$00000033)
    __rt_lib_init_signal_1                   0x08000203   Thumb Code     0  libinit2.o(.ARM.Collect$$libinit$$0000001D)
    __rt_lib_init_stdio_1                    0x08000203   Thumb Code     0  libinit2.o(.ARM.Collect$$libinit$$00000025)
    __rt_lib_init_user_alloc_1               0x08000203   Thumb Code     0  libinit2.o(.ARM.Collect$$libinit$$0000000C)
    __rt_lib_shutdown                        0x08000205   Thumb Code     0  libshutdown.o(.ARM.Collect$$libshutdown$$00000000)
    __rt_lib_shutdown_cpp_1                  0x08000207   Thumb Code     0  libshutdown2.o(.ARM.Collect$$libshutdown$$00000002)
    __rt_lib_shutdown_fp_trap_1              0x08000207   Thumb Code     0  libshutdown2.o(.ARM.Collect$$libshutdown$$00000007)
    __rt_lib_shutdown_heap_1                 0x08000207   Thumb Code     0  libshutdown2.o(.ARM.Collect$$libshutdown$$0000000F)
    __rt_lib_shutdown_return                 0x08000207   Thumb Code     0  libshutdown2.o(.ARM.Collect$$libshutdown$$00000010)
    __rt_lib_shutdown_signal_1               0x08000207   Thumb Code     0  libshutdown2.o(.ARM.Collect$$libshutdown$$0000000A)
    __rt_lib_shutdown_stdio_1                0x08000207   Thumb Code     0  libshutdown2.o(.ARM.Collect$$libshutdown$$00000004)
    __rt_lib_shutdown_user_alloc_1           0x08000207   Thumb Code     0  libshutdown2.o(.ARM.Collect$$libshutdown$$0000000C)
    __rt_entry                               0x08000209   Thumb Code     0  __rtentry.o(.ARM.Collect$$rtentry$$00000000)
    __rt_entry_presh_1                       0x08000209   Thumb Code     0  __rtentry2.o(.ARM.Collect$$rtentry$$00000002)
    __rt_entry_sh                            0x08000209   Thumb Code     0  __rtentry4.o(.ARM.Collect$$rtentry$$00000004)
    __rt_entry_li                            0x0800020f   Thumb Code     0  __rtentry2.o(.ARM.Collect$$rtentry$$0000000A)
    __rt_entry_postsh_1                      0x0800020f   Thumb Code     0  __rtentry2.o(.ARM.Collect$$rtentry$$00000009)
    __rt_entry_main                          0x08000213   Thumb Code     0  __rtentry2.o(.ARM.Collect$$rtentry$$0000000D)
    __rt_entry_postli_1                      0x08000213   Thumb Code     0  __rtentry2.o(.ARM.Collect$$rtentry$$0000000C)
    __rt_exit                                0x0800021b   Thumb Code     0  rtexit.o(.ARM.Collect$$rtexit$$00000000)
    __rt_exit_ls                             0x0800021d   Thumb Code     0  rtexit2.o(.ARM.Collect$$rtexit$$00000003)
    __rt_exit_prels_1                        0x0800021d   Thumb Code     0  rtexit2.o(.ARM.Collect$$rtexit$$00000002)
    __rt_exit_exit                           0x08000221   Thumb Code     0  rtexit2.o(.ARM.Collect$$rtexit$$00000004)
    Reset_Handler                            0x08000229   Thumb Code     8  startup_gd32f405_425.o(.text)
    NMI_Handler                              0x08000231   Thumb Code     2  startup_gd32f405_425.o(.text)
    HardFault_Handler                        0x08000233   Thumb Code     2  startup_gd32f405_425.o(.text)
    MemManage_Handler                        0x08000235   Thumb Code     2  startup_gd32f405_425.o(.text)
    BusFault_Handler                         0x08000237   Thumb Code     2  startup_gd32f405_425.o(.text)
    UsageFault_Handler                       0x08000239   Thumb Code     2  startup_gd32f405_425.o(.text)
    SVC_Handler                              0x0800023b   Thumb Code     2  startup_gd32f405_425.o(.text)
    DebugMon_Handler                         0x0800023d   Thumb Code     2  startup_gd32f405_425.o(.text)
    PendSV_Handler                           0x0800023f   Thumb Code     2  startup_gd32f405_425.o(.text)
    ADC_IRQHandler                           0x08000243   Thumb Code     0  startup_gd32f405_425.o(.text)
    CAN0_EWMC_IRQHandler                     0x08000243   Thumb Code     0  startup_gd32f405_425.o(.text)
    CAN0_RX0_IRQHandler                      0x08000243   Thumb Code     0  startup_gd32f405_425.o(.text)
    CAN0_RX1_IRQHandler                      0x08000243   Thumb Code     0  startup_gd32f405_425.o(.text)
    CAN0_TX_IRQHandler                       0x08000243   Thumb Code     0  startup_gd32f405_425.o(.text)
    CAN1_EWMC_IRQHandler                     0x08000243   Thumb Code     0  startup_gd32f405_425.o(.text)
    CAN1_RX0_IRQHandler                      0x08000243   Thumb Code     0  startup_gd32f405_425.o(.text)
    CAN1_RX1_IRQHandler                      0x08000243   Thumb Code     0  startup_gd32f405_425.o(.text)
    CAN1_TX_IRQHandler                       0x08000243   Thumb Code     0  startup_gd32f405_425.o(.text)
    DCI_IRQHandler                           0x08000243   Thumb Code     0  startup_gd32f405_425.o(.text)
    DMA0_Channel0_IRQHandler                 0x08000243   Thumb Code     0  startup_gd32f405_425.o(.text)
    DMA0_Channel1_IRQHandler                 0x08000243   Thumb Code     0  startup_gd32f405_425.o(.text)
    DMA0_Channel2_IRQHandler                 0x08000243   Thumb Code     0  startup_gd32f405_425.o(.text)
    DMA0_Channel3_IRQHandler                 0x08000243   Thumb Code     0  startup_gd32f405_425.o(.text)
    DMA0_Channel4_IRQHandler                 0x08000243   Thumb Code     0  startup_gd32f405_425.o(.text)
    DMA0_Channel5_IRQHandler                 0x08000243   Thumb Code     0  startup_gd32f405_425.o(.text)
    DMA0_Channel6_IRQHandler                 0x08000243   Thumb Code     0  startup_gd32f405_425.o(.text)
    DMA0_Channel7_IRQHandler                 0x08000243   Thumb Code     0  startup_gd32f405_425.o(.text)
    DMA1_Channel0_IRQHandler                 0x08000243   Thumb Code     0  startup_gd32f405_425.o(.text)
    DMA1_Channel1_IRQHandler                 0x08000243   Thumb Code     0  startup_gd32f405_425.o(.text)
    DMA1_Channel2_IRQHandler                 0x08000243   Thumb Code     0  startup_gd32f405_425.o(.text)
    DMA1_Channel3_IRQHandler                 0x08000243   Thumb Code     0  startup_gd32f405_425.o(.text)
    DMA1_Channel4_IRQHandler                 0x08000243   Thumb Code     0  startup_gd32f405_425.o(.text)
    DMA1_Channel5_IRQHandler                 0x08000243   Thumb Code     0  startup_gd32f405_425.o(.text)
    DMA1_Channel6_IRQHandler                 0x08000243   Thumb Code     0  startup_gd32f405_425.o(.text)
    EXTI10_15_IRQHandler                     0x08000243   Thumb Code     0  startup_gd32f405_425.o(.text)
    EXTI1_IRQHandler                         0x08000243   Thumb Code     0  startup_gd32f405_425.o(.text)
    EXTI2_IRQHandler                         0x08000243   Thumb Code     0  startup_gd32f405_425.o(.text)
    EXTI3_IRQHandler                         0x08000243   Thumb Code     0  startup_gd32f405_425.o(.text)
    EXTI4_IRQHandler                         0x08000243   Thumb Code     0  startup_gd32f405_425.o(.text)
    EXTI5_9_IRQHandler                       0x08000243   Thumb Code     0  startup_gd32f405_425.o(.text)
    FMC_IRQHandler                           0x08000243   Thumb Code     0  startup_gd32f405_425.o(.text)
    FPU_IRQHandler                           0x08000243   Thumb Code     0  startup_gd32f405_425.o(.text)
    I2C0_ER_IRQHandler                       0x08000243   Thumb Code     0  startup_gd32f405_425.o(.text)
    I2C0_EV_IRQHandler                       0x08000243   Thumb Code     0  startup_gd32f405_425.o(.text)
    I2C1_ER_IRQHandler                       0x08000243   Thumb Code     0  startup_gd32f405_425.o(.text)
    I2C1_EV_IRQHandler                       0x08000243   Thumb Code     0  startup_gd32f405_425.o(.text)
    I2C2_ER_IRQHandler                       0x08000243   Thumb Code     0  startup_gd32f405_425.o(.text)
    I2C2_EV_IRQHandler                       0x08000243   Thumb Code     0  startup_gd32f405_425.o(.text)
    LVD_IRQHandler                           0x08000243   Thumb Code     0  startup_gd32f405_425.o(.text)
    RCU_CTC_IRQHandler                       0x08000243   Thumb Code     0  startup_gd32f405_425.o(.text)
    RTC_Alarm_IRQHandler                     0x08000243   Thumb Code     0  startup_gd32f405_425.o(.text)
    RTC_WKUP_IRQHandler                      0x08000243   Thumb Code     0  startup_gd32f405_425.o(.text)
    SDIO_IRQHandler                          0x08000243   Thumb Code     0  startup_gd32f405_425.o(.text)
    SPI0_IRQHandler                          0x08000243   Thumb Code     0  startup_gd32f405_425.o(.text)
    SPI1_IRQHandler                          0x08000243   Thumb Code     0  startup_gd32f405_425.o(.text)
    SPI2_IRQHandler                          0x08000243   Thumb Code     0  startup_gd32f405_425.o(.text)
    TAMPER_STAMP_IRQHandler                  0x08000243   Thumb Code     0  startup_gd32f405_425.o(.text)
    TIMER0_BRK_TIMER8_IRQHandler             0x08000243   Thumb Code     0  startup_gd32f405_425.o(.text)
    TIMER0_Channel_IRQHandler                0x08000243   Thumb Code     0  startup_gd32f405_425.o(.text)
    TIMER0_TRG_CMT_TIMER10_IRQHandler        0x08000243   Thumb Code     0  startup_gd32f405_425.o(.text)
    TIMER0_UP_TIMER9_IRQHandler              0x08000243   Thumb Code     0  startup_gd32f405_425.o(.text)
    TIMER1_IRQHandler                        0x08000243   Thumb Code     0  startup_gd32f405_425.o(.text)
    TIMER2_IRQHandler                        0x08000243   Thumb Code     0  startup_gd32f405_425.o(.text)
    TIMER3_IRQHandler                        0x08000243   Thumb Code     0  startup_gd32f405_425.o(.text)
    TIMER4_IRQHandler                        0x08000243   Thumb Code     0  startup_gd32f405_425.o(.text)
    TIMER5_DAC_IRQHandler                    0x08000243   Thumb Code     0  startup_gd32f405_425.o(.text)
    TIMER6_IRQHandler                        0x08000243   Thumb Code     0  startup_gd32f405_425.o(.text)
    TIMER7_BRK_TIMER11_IRQHandler            0x08000243   Thumb Code     0  startup_gd32f405_425.o(.text)
    TIMER7_Channel_IRQHandler                0x08000243   Thumb Code     0  startup_gd32f405_425.o(.text)
    TIMER7_TRG_CMT_TIMER13_IRQHandler        0x08000243   Thumb Code     0  startup_gd32f405_425.o(.text)
    TIMER7_UP_TIMER12_IRQHandler             0x08000243   Thumb Code     0  startup_gd32f405_425.o(.text)
    TRNG_IRQHandler                          0x08000243   Thumb Code     0  startup_gd32f405_425.o(.text)
    UART3_IRQHandler                         0x08000243   Thumb Code     0  startup_gd32f405_425.o(.text)
    UART4_IRQHandler                         0x08000243   Thumb Code     0  startup_gd32f405_425.o(.text)
    USART0_IRQHandler                        0x08000243   Thumb Code     0  startup_gd32f405_425.o(.text)
    USART1_IRQHandler                        0x08000243   Thumb Code     0  startup_gd32f405_425.o(.text)
    USART2_IRQHandler                        0x08000243   Thumb Code     0  startup_gd32f405_425.o(.text)
    USART5_IRQHandler                        0x08000243   Thumb Code     0  startup_gd32f405_425.o(.text)
    USBFS_IRQHandler                         0x08000243   Thumb Code     0  startup_gd32f405_425.o(.text)
    USBFS_WKUP_IRQHandler                    0x08000243   Thumb Code     0  startup_gd32f405_425.o(.text)
    USBHS_EP1_In_IRQHandler                  0x08000243   Thumb Code     0  startup_gd32f405_425.o(.text)
    USBHS_EP1_Out_IRQHandler                 0x08000243   Thumb Code     0  startup_gd32f405_425.o(.text)
    USBHS_IRQHandler                         0x08000243   Thumb Code     0  startup_gd32f405_425.o(.text)
    USBHS_WKUP_IRQHandler                    0x08000243   Thumb Code     0  startup_gd32f405_425.o(.text)
    WWDGT_IRQHandler                         0x08000243   Thumb Code     0  startup_gd32f405_425.o(.text)
    __user_initial_stackheap                 0x08000245   Thumb Code    10  startup_gd32f405_425.o(.text)
    __use_two_region_memory                  0x08000269   Thumb Code     2  heapauxi.o(.text)
    __rt_heap_escrow$2region                 0x0800026b   Thumb Code     2  heapauxi.o(.text)
    __rt_heap_expand$2region                 0x0800026d   Thumb Code     2  heapauxi.o(.text)
    __user_setup_stackheap                   0x0800026f   Thumb Code    74  sys_stackheap_outer.o(.text)
    exit                                     0x080002b9   Thumb Code    18  exit.o(.text)
    __user_libspace                          0x080002cd   Thumb Code     8  libspace.o(.text)
    __user_perproc_libspace                  0x080002cd   Thumb Code     0  libspace.o(.text)
    __user_perthread_libspace                0x080002cd   Thumb Code     0  libspace.o(.text)
    _sys_exit                                0x080002d5   Thumb Code     8  sys_exit.o(.text)
    __I$use$semihosting                      0x080002e1   Thumb Code     0  use_no_semi.o(.text)
    __use_no_semihosting_swi                 0x080002e1   Thumb Code     2  use_no_semi.o(.text)
    __semihosting_library_function           0x080002e3   Thumb Code     0  indicate_semi.o(.text)
    BinarySearch_float                       0x080002e5   Thumb Code   132  lookuptable.o(.text.BinarySearch_float)
    DMA1_Channel7_IRQHandler                 0x08000369   Thumb Code    46  usart.o(.text.DMA1_Channel7_IRQHandler)
    EXTI0_IRQHandler                         0x08000399   Thumb Code    92  max6691.o(.text.EXTI0_IRQHandler)
    LookupTable                              0x080003f5   Thumb Code   124  lookuptable.o(.text.LookupTable)
    SysTick_Handler                          0x080004a5   Thumb Code    42  main.o(.text.SysTick_Handler)
    SystemInit                               0x080004d1   Thumb Code   174  system_gd32f4xx.o(.text.SystemInit)
    USART_init                               0x08000581   Thumb Code   258  usart.o(.text.USART_init)
    USART_printTemp                          0x08000685   Thumb Code    36  usart.o(.text.USART_printTemp)
    checkHighTimeToErr                       0x080006a9   Thumb Code    14  max6691.o(.text.checkHighTimeToErr)
    dma_channel_disable                      0x080006b9   Thumb Code    18  gd32f4xx_dma.o(.text.dma_channel_disable)
    dma_channel_enable                       0x080006cd   Thumb Code    18  gd32f4xx_dma.o(.text.dma_channel_enable)
    dma_channel_subperipheral_select         0x080006e1   Thumb Code    22  gd32f4xx_dma.o(.text.dma_channel_subperipheral_select)
    dma_circulation_disable                  0x080006f9   Thumb Code    18  gd32f4xx_dma.o(.text.dma_circulation_disable)
    dma_deinit                               0x0800070d   Thumb Code    76  gd32f4xx_dma.o(.text.dma_deinit)
    dma_interrupt_enable                     0x08000759   Thumb Code    26  gd32f4xx_dma.o(.text.dma_interrupt_enable)
    dma_interrupt_flag_clear                 0x08000775   Thumb Code    42  gd32f4xx_dma.o(.text.dma_interrupt_flag_clear)
    dma_interrupt_flag_get                   0x080007a1   Thumb Code   630  gd32f4xx_dma.o(.text.dma_interrupt_flag_get)
    dma_single_data_mode_init                0x08000a19   Thumb Code   136  gd32f4xx_dma.o(.text.dma_single_data_mode_init)
    exti_init                                0x08000aa1   Thumb Code   156  gd32f4xx_exti.o(.text.exti_init)
    exti_interrupt_flag_clear                0x08000b3d   Thumb Code    12  gd32f4xx_exti.o(.text.exti_interrupt_flag_clear)
    exti_interrupt_flag_get                  0x08000b49   Thumb Code    18  gd32f4xx_exti.o(.text.exti_interrupt_flag_get)
    gpio_af_set                              0x08000b5d   Thumb Code   110  gd32f4xx_gpio.o(.text.gpio_af_set)
    gpio_bit_reset                           0x08000bcd   Thumb Code     4  gd32f4xx_gpio.o(.text.gpio_bit_reset)
    gpio_bit_set                             0x08000bd1   Thumb Code     4  gd32f4xx_gpio.o(.text.gpio_bit_set)
    gpio_mode_set                            0x08000bd5   Thumb Code    84  gd32f4xx_gpio.o(.text.gpio_mode_set)
    gpio_output_options_set                  0x08000c29   Thumb Code    70  gd32f4xx_gpio.o(.text.gpio_output_options_set)
    main                                     0x08000c71   Thumb Code   124  main.o(.text.main)
    max6691_init                             0x08000ced   Thumb Code   106  max6691.o(.text.max6691_init)
    max_6691                                 0x08000d59   Thumb Code   690  max6691.o(.text.max_6691)
    nvic_irq_enable                          0x0800100d   Thumb Code   162  gd32f4xx_misc.o(.text.nvic_irq_enable)
    nvic_priority_group_set                  0x080010b1   Thumb Code    20  gd32f4xx_misc.o(.text.nvic_priority_group_set)
    rcu_clock_freq_get                       0x080010c5   Thumb Code   172  gd32f4xx_rcu.o(.text.rcu_clock_freq_get)
    rcu_periph_clock_enable                  0x08001189   Thumb Code    30  gd32f4xx_rcu.o(.text.rcu_periph_clock_enable)
    rcu_periph_reset_disable                 0x080011a9   Thumb Code    32  gd32f4xx_rcu.o(.text.rcu_periph_reset_disable)
    rcu_periph_reset_enable                  0x080011c9   Thumb Code    30  gd32f4xx_rcu.o(.text.rcu_periph_reset_enable)
    syscfg_exti_line_config                  0x080011e9   Thumb Code   132  gd32f4xx_syscfg.o(.text.syscfg_exti_line_config)
    timeToResist                             0x08001331   Thumb Code    60  max6691.o(.text.timeToResist)
    usart_baudrate_set                       0x0800136d   Thumb Code   190  gd32f4xx_usart.o(.text.usart_baudrate_set)
    usart_deinit                             0x0800142d   Thumb Code   196  gd32f4xx_usart.o(.text.usart_deinit)
    usart_dma_transmit_config                0x080014f1   Thumb Code    20  gd32f4xx_usart.o(.text.usart_dma_transmit_config)
    usart_enable                             0x08001505   Thumb Code    10  gd32f4xx_usart.o(.text.usart_enable)
    usart_receive_config                     0x08001511   Thumb Code    12  gd32f4xx_usart.o(.text.usart_receive_config)
    usart_transmit_config                    0x0800151d   Thumb Code    12  gd32f4xx_usart.o(.text.usart_transmit_config)
    _fp_init                                 0x08001529   Thumb Code    26  fpinit.o(x$fpl$fpinit)
    __fplib_config_fpu_vfp                   0x08001541   Thumb Code     0  fpinit.o(x$fpl$fpinit)
    __fplib_config_pureend_doubles           0x08001541   Thumb Code     0  fpinit.o(x$fpl$fpinit)
    Region$$Table$$Base                      0x08001544   Number         0  anon$$obj.o(Region$$Table)
    Region$$Table$$Limit                     0x08001564   Number         0  anon$$obj.o(Region$$Table)
    SystemCoreClock                          0x20000000   Data           4  system_gd32f4xx.o(.data.SystemCoreClock)
    xAxis1                                   0x20000004   Data           8  max6691.o(.data.xAxis1)
    xAxis2                                   0x2000000c   Data           8  max6691.o(.data.xAxis2)
    xAxis3                                   0x20000014   Data           8  max6691.o(.data.xAxis3)
    xAxis4                                   0x2000001c   Data           8  max6691.o(.data.xAxis4)
    yAxis1                                   0x20000024   Data           8  max6691.o(.data.yAxis1)
    yAxis2                                   0x2000002c   Data           8  max6691.o(.data.yAxis2)
    yAxis3                                   0x20000034   Data           8  max6691.o(.data.yAxis3)
    yAxis4                                   0x2000003c   Data           8  max6691.o(.data.yAxis4)
    __libspace_start                         0x20000048   Data          96  libspace.o(.bss)
    __temporary_stack_top$libspace           0x200000a8   Data           0  libspace.o(.bss)
    MAX_IRQ_inputTimer                       0x200000ac   Data           4  main.o(.bss.MAX_IRQ_inputTimer)
    deltaTime                                0x200000b0   Data           4  main.o(.bss.deltaTime)
    maxTimer                                 0x200000b4   Data           4  main.o(.bss.maxTimer)
    smMaxToInterrupt                         0x200000bc   Data           1  main.o(.bss.smMaxToInterrupt)
    timeReady                                0x200000bd   Data           1  main.o(.bss.timeReady)



==============================================================================

Memory Map of the image

  Image Entry point : 0x08000189

  Load Region LR_IROM1 (Base: 0x08000000, Size: 0x000015b0, Max: 0x00080000, ABSOLUTE)

    Execution Region ER_IROM1 (Exec base: 0x08000000, Load base: 0x08000000, Size: 0x00001564, Max: 0x00080000, ABSOLUTE)

    Exec Addr    Load Addr    Size         Type   Attr      Idx    E Section Name        Object

    0x08000000   0x08000000   0x00000188   Data   RO            3    RESET               startup_gd32f405_425.o
    0x08000188   0x08000188   0x00000008   Code   RO         1865  * !!!main             c_w.l(__main.o)
    0x08000190   0x08000190   0x00000034   Code   RO         2028    !!!scatter          c_w.l(__scatter.o)
    0x080001c4   0x080001c4   0x0000001a   Code   RO         2030    !!handler_copy      c_w.l(__scatter_copy.o)
    0x080001de   0x080001de   0x00000002   PAD
    0x080001e0   0x080001e0   0x0000001c   Code   RO         2032    !!handler_zi        c_w.l(__scatter_zi.o)
    0x080001fc   0x080001fc   0x00000002   Code   RO         1892    .ARM.Collect$$libinit$$00000000  c_w.l(libinit.o)
    0x080001fe   0x080001fe   0x00000004   Code   RO         1898    .ARM.Collect$$libinit$$00000001  c_w.l(libinit2.o)
    0x08000202   0x08000202   0x00000000   Code   RO         1901    .ARM.Collect$$libinit$$00000004  c_w.l(libinit2.o)
    0x08000202   0x08000202   0x00000000   Code   RO         1904    .ARM.Collect$$libinit$$0000000A  c_w.l(libinit2.o)
    0x08000202   0x08000202   0x00000000   Code   RO         1906    .ARM.Collect$$libinit$$0000000C  c_w.l(libinit2.o)
    0x08000202   0x08000202   0x00000000   Code   RO         1908    .ARM.Collect$$libinit$$0000000E  c_w.l(libinit2.o)
    0x08000202   0x08000202   0x00000000   Code   RO         1911    .ARM.Collect$$libinit$$00000011  c_w.l(libinit2.o)
    0x08000202   0x08000202   0x00000000   Code   RO         1913    .ARM.Collect$$libinit$$00000013  c_w.l(libinit2.o)
    0x08000202   0x08000202   0x00000000   Code   RO         1915    .ARM.Collect$$libinit$$00000015  c_w.l(libinit2.o)
    0x08000202   0x08000202   0x00000000   Code   RO         1917    .ARM.Collect$$libinit$$00000017  c_w.l(libinit2.o)
    0x08000202   0x08000202   0x00000000   Code   RO         1919    .ARM.Collect$$libinit$$00000019  c_w.l(libinit2.o)
    0x08000202   0x08000202   0x00000000   Code   RO         1921    .ARM.Collect$$libinit$$0000001B  c_w.l(libinit2.o)
    0x08000202   0x08000202   0x00000000   Code   RO         1923    .ARM.Collect$$libinit$$0000001D  c_w.l(libinit2.o)
    0x08000202   0x08000202   0x00000000   Code   RO         1925    .ARM.Collect$$libinit$$0000001F  c_w.l(libinit2.o)
    0x08000202   0x08000202   0x00000000   Code   RO         1927    .ARM.Collect$$libinit$$00000021  c_w.l(libinit2.o)
    0x08000202   0x08000202   0x00000000   Code   RO         1929    .ARM.Collect$$libinit$$00000023  c_w.l(libinit2.o)
    0x08000202   0x08000202   0x00000000   Code   RO         1931    .ARM.Collect$$libinit$$00000025  c_w.l(libinit2.o)
    0x08000202   0x08000202   0x00000000   Code   RO         1935    .ARM.Collect$$libinit$$0000002C  c_w.l(libinit2.o)
    0x08000202   0x08000202   0x00000000   Code   RO         1937    .ARM.Collect$$libinit$$0000002E  c_w.l(libinit2.o)
    0x08000202   0x08000202   0x00000000   Code   RO         1939    .ARM.Collect$$libinit$$00000030  c_w.l(libinit2.o)
    0x08000202   0x08000202   0x00000000   Code   RO         1941    .ARM.Collect$$libinit$$00000032  c_w.l(libinit2.o)
    0x08000202   0x08000202   0x00000002   Code   RO         1942    .ARM.Collect$$libinit$$00000033  c_w.l(libinit2.o)
    0x08000204   0x08000204   0x00000002   Code   RO         1964    .ARM.Collect$$libshutdown$$00000000  c_w.l(libshutdown.o)
    0x08000206   0x08000206   0x00000000   Code   RO         1979    .ARM.Collect$$libshutdown$$00000002  c_w.l(libshutdown2.o)
    0x08000206   0x08000206   0x00000000   Code   RO         1981    .ARM.Collect$$libshutdown$$00000004  c_w.l(libshutdown2.o)
    0x08000206   0x08000206   0x00000000   Code   RO         1984    .ARM.Collect$$libshutdown$$00000007  c_w.l(libshutdown2.o)
    0x08000206   0x08000206   0x00000000   Code   RO         1987    .ARM.Collect$$libshutdown$$0000000A  c_w.l(libshutdown2.o)
    0x08000206   0x08000206   0x00000000   Code   RO         1989    .ARM.Collect$$libshutdown$$0000000C  c_w.l(libshutdown2.o)
    0x08000206   0x08000206   0x00000000   Code   RO         1992    .ARM.Collect$$libshutdown$$0000000F  c_w.l(libshutdown2.o)
    0x08000206   0x08000206   0x00000002   Code   RO         1993    .ARM.Collect$$libshutdown$$00000010  c_w.l(libshutdown2.o)
    0x08000208   0x08000208   0x00000000   Code   RO         1867    .ARM.Collect$$rtentry$$00000000  c_w.l(__rtentry.o)
    0x08000208   0x08000208   0x00000000   Code   RO         1869    .ARM.Collect$$rtentry$$00000002  c_w.l(__rtentry2.o)
    0x08000208   0x08000208   0x00000006   Code   RO         1881    .ARM.Collect$$rtentry$$00000004  c_w.l(__rtentry4.o)
    0x0800020e   0x0800020e   0x00000000   Code   RO         1871    .ARM.Collect$$rtentry$$00000009  c_w.l(__rtentry2.o)
    0x0800020e   0x0800020e   0x00000004   Code   RO         1872    .ARM.Collect$$rtentry$$0000000A  c_w.l(__rtentry2.o)
    0x08000212   0x08000212   0x00000000   Code   RO         1874    .ARM.Collect$$rtentry$$0000000C  c_w.l(__rtentry2.o)
    0x08000212   0x08000212   0x00000008   Code   RO         1875    .ARM.Collect$$rtentry$$0000000D  c_w.l(__rtentry2.o)
    0x0800021a   0x0800021a   0x00000002   Code   RO         1896    .ARM.Collect$$rtexit$$00000000  c_w.l(rtexit.o)
    0x0800021c   0x0800021c   0x00000000   Code   RO         1944    .ARM.Collect$$rtexit$$00000002  c_w.l(rtexit2.o)
    0x0800021c   0x0800021c   0x00000004   Code   RO         1945    .ARM.Collect$$rtexit$$00000003  c_w.l(rtexit2.o)
    0x08000220   0x08000220   0x00000006   Code   RO         1946    .ARM.Collect$$rtexit$$00000004  c_w.l(rtexit2.o)
    0x08000226   0x08000226   0x00000002   PAD
    0x08000228   0x08000228   0x00000040   Code   RO            4    .text               startup_gd32f405_425.o
    0x08000268   0x08000268   0x00000006   Code   RO         1863    .text               c_w.l(heapauxi.o)
    0x0800026e   0x0800026e   0x0000004a   Code   RO         1883    .text               c_w.l(sys_stackheap_outer.o)
    0x080002b8   0x080002b8   0x00000012   Code   RO         1885    .text               c_w.l(exit.o)
    0x080002ca   0x080002ca   0x00000002   PAD
    0x080002cc   0x080002cc   0x00000008   Code   RO         1893    .text               c_w.l(libspace.o)
    0x080002d4   0x080002d4   0x0000000c   Code   RO         1954    .text               c_w.l(sys_exit.o)
    0x080002e0   0x080002e0   0x00000002   Code   RO         1969    .text               c_w.l(use_no_semi.o)
    0x080002e2   0x080002e2   0x00000000   Code   RO         1971    .text               c_w.l(indicate_semi.o)
    0x080002e2   0x080002e2   0x00000002   PAD
    0x080002e4   0x080002e4   0x00000084   Code   RO         1848    .text.BinarySearch_float  lookuptable.o
    0x08000368   0x08000368   0x0000002e   Code   RO         1838    .text.DMA1_Channel7_IRQHandler  usart.o
    0x08000396   0x08000396   0x00000002   PAD
    0x08000398   0x08000398   0x0000005c   Code   RO         1814    .text.EXTI0_IRQHandler  max6691.o
    0x080003f4   0x080003f4   0x0000007c   Code   RO         1850    .text.LookupTable   lookuptable.o
    0x08000470   0x08000470   0x0000000e   Code   RO         1790    .text.NVIC_SetPriority  main.o
    0x0800047e   0x0800047e   0x00000002   PAD
    0x08000480   0x08000480   0x00000024   Code   RO         1788    .text.SysTick_Config  main.o
    0x080004a4   0x080004a4   0x0000002a   Code   RO         1784    .text.SysTick_Handler  main.o
    0x080004ce   0x080004ce   0x00000002   PAD
    0x080004d0   0x080004d0   0x000000ae   Code   RO           11    .text.SystemInit    system_gd32f4xx.o
    0x0800057e   0x0800057e   0x00000002   PAD
    0x08000580   0x08000580   0x00000102   Code   RO         1834    .text.USART_init    usart.o
    0x08000682   0x08000682   0x00000002   PAD
    0x08000684   0x08000684   0x00000024   Code   RO         1836    .text.USART_printTemp  usart.o
    0x080006a8   0x080006a8   0x0000000e   Code   RO         1808    .text.checkHighTimeToErr  max6691.o
    0x080006b6   0x080006b6   0x00000002   PAD
    0x080006b8   0x080006b8   0x00000012   Code   RO          386    .text.dma_channel_disable  gd32f4xx_dma.o
    0x080006ca   0x080006ca   0x00000002   PAD
    0x080006cc   0x080006cc   0x00000012   Code   RO          384    .text.dma_channel_enable  gd32f4xx_dma.o
    0x080006de   0x080006de   0x00000002   PAD
    0x080006e0   0x080006e0   0x00000016   Code   RO          394    .text.dma_channel_subperipheral_select  gd32f4xx_dma.o
    0x080006f6   0x080006f6   0x00000002   PAD
    0x080006f8   0x080006f8   0x00000012   Code   RO          382    .text.dma_circulation_disable  gd32f4xx_dma.o
    0x0800070a   0x0800070a   0x00000002   PAD
    0x0800070c   0x0800070c   0x0000004c   Code   RO          348    .text.dma_deinit    gd32f4xx_dma.o
    0x08000758   0x08000758   0x0000001a   Code   RO          406    .text.dma_interrupt_enable  gd32f4xx_dma.o
    0x08000772   0x08000772   0x00000002   PAD
    0x08000774   0x08000774   0x0000002a   Code   RO          412    .text.dma_interrupt_flag_clear  gd32f4xx_dma.o
    0x0800079e   0x0800079e   0x00000002   PAD
    0x080007a0   0x080007a0   0x00000276   Code   RO          410    .text.dma_interrupt_flag_get  gd32f4xx_dma.o
    0x08000a16   0x08000a16   0x00000002   PAD
    0x08000a18   0x08000a18   0x00000088   Code   RO          354    .text.dma_single_data_mode_init  gd32f4xx_dma.o
    0x08000aa0   0x08000aa0   0x0000009c   Code   RO          524    .text.exti_init     gd32f4xx_exti.o
    0x08000b3c   0x08000b3c   0x0000000c   Code   RO          544    .text.exti_interrupt_flag_clear  gd32f4xx_exti.o
    0x08000b48   0x08000b48   0x00000012   Code   RO          542    .text.exti_interrupt_flag_get  gd32f4xx_exti.o
    0x08000b5a   0x08000b5a   0x00000002   PAD
    0x08000b5c   0x08000b5c   0x0000006e   Code   RO          682    .text.gpio_af_set   gd32f4xx_gpio.o
    0x08000bca   0x08000bca   0x00000002   PAD
    0x08000bcc   0x08000bcc   0x00000004   Code   RO          668    .text.gpio_bit_reset  gd32f4xx_gpio.o
    0x08000bd0   0x08000bd0   0x00000004   Code   RO          666    .text.gpio_bit_set  gd32f4xx_gpio.o
    0x08000bd4   0x08000bd4   0x00000054   Code   RO          662    .text.gpio_mode_set  gd32f4xx_gpio.o
    0x08000c28   0x08000c28   0x00000046   Code   RO          664    .text.gpio_output_options_set  gd32f4xx_gpio.o
    0x08000c6e   0x08000c6e   0x00000002   PAD
    0x08000c70   0x08000c70   0x0000007c   Code   RO         1786    .text.main          main.o
    0x08000cec   0x08000cec   0x0000006a   Code   RO         1812    .text.max6691_init  max6691.o
    0x08000d56   0x08000d56   0x00000002   PAD
    0x08000d58   0x08000d58   0x000002b2   Code   RO         1810    .text.max_6691      max6691.o
    0x0800100a   0x0800100a   0x00000002   PAD
    0x0800100c   0x0800100c   0x000000a2   Code   RO          866    .text.nvic_irq_enable  gd32f4xx_misc.o
    0x080010ae   0x080010ae   0x00000002   PAD
    0x080010b0   0x080010b0   0x00000014   Code   RO          864    .text.nvic_priority_group_set  gd32f4xx_misc.o
    0x080010c4   0x080010c4   0x000000c4   Code   RO         1022    .text.rcu_clock_freq_get  gd32f4xx_rcu.o
    0x08001188   0x08001188   0x0000001e   Code   RO          944    .text.rcu_periph_clock_enable  gd32f4xx_rcu.o
    0x080011a6   0x080011a6   0x00000002   PAD
    0x080011a8   0x080011a8   0x00000020   Code   RO          954    .text.rcu_periph_reset_disable  gd32f4xx_rcu.o
    0x080011c8   0x080011c8   0x0000001e   Code   RO          952    .text.rcu_periph_reset_enable  gd32f4xx_rcu.o
    0x080011e6   0x080011e6   0x00000002   PAD
    0x080011e8   0x080011e8   0x00000084   Code   RO         1330    .text.syscfg_exti_line_config  gd32f4xx_syscfg.o
    0x0800126c   0x0800126c   0x000000bc   Code   RO           17    .text.system_clock_200m_25m_hxtal  system_gd32f4xx.o
    0x08001328   0x08001328   0x00000008   Code   RO           13    .text.system_clock_config  system_gd32f4xx.o
    0x08001330   0x08001330   0x0000003c   Code   RO         1806    .text.timeToResist  max6691.o
    0x0800136c   0x0800136c   0x000000be   Code   RO         1586    .text.usart_baudrate_set  gd32f4xx_usart.o
    0x0800142a   0x0800142a   0x00000002   PAD
    0x0800142c   0x0800142c   0x000000c4   Code   RO         1584    .text.usart_deinit  gd32f4xx_usart.o
    0x080014f0   0x080014f0   0x00000014   Code   RO         1680    .text.usart_dma_transmit_config  gd32f4xx_usart.o
    0x08001504   0x08001504   0x0000000a   Code   RO         1594    .text.usart_enable  gd32f4xx_usart.o
    0x0800150e   0x0800150e   0x00000002   PAD
    0x08001510   0x08001510   0x0000000c   Code   RO         1600    .text.usart_receive_config  gd32f4xx_usart.o
    0x0800151c   0x0800151c   0x0000000c   Code   RO         1598    .text.usart_transmit_config  gd32f4xx_usart.o
    0x08001528   0x08001528   0x0000001a   Code   RO         1952    x$fpl$fpinit        fz_wm.l(fpinit.o)
    0x08001542   0x08001542   0x00000002   PAD
    0x08001544   0x08001544   0x00000020   Data   RO         2027    Region$$Table       anon$$obj.o


    Execution Region RW_IRAM1 (Exec base: 0x20000000, Load base: 0x08001568, Size: 0x000008c0, Max: 0x00020000, ABSOLUTE)

    Exec Addr    Load Addr    Size         Type   Attr      Idx    E Section Name        Object

    0x20000000   0x08001568   0x00000004   Data   RW           19    .data.SystemCoreClock  system_gd32f4xx.o
    0x20000004   0x0800156c   0x00000008   Data   RW         1817    .data.xAxis1        max6691.o
    0x2000000c   0x08001574   0x00000008   Data   RW         1819    .data.xAxis2        max6691.o
    0x20000014   0x0800157c   0x00000008   Data   RW         1821    .data.xAxis3        max6691.o
    0x2000001c   0x08001584   0x00000008   Data   RW         1823    .data.xAxis4        max6691.o
    0x20000024   0x0800158c   0x00000008   Data   RW         1816    .data.yAxis1        max6691.o
    0x2000002c   0x08001594   0x00000008   Data   RW         1818    .data.yAxis2        max6691.o
    0x20000034   0x0800159c   0x00000008   Data   RW         1820    .data.yAxis3        max6691.o
    0x2000003c   0x080015a4   0x00000008   Data   RW         1822    .data.yAxis4        max6691.o
    0x20000044   0x080015ac   0x00000004   PAD
    0x20000048        -       0x00000060   Zero   RW         1894    .bss                c_w.l(libspace.o)
    0x200000a8        -       0x00000004   Zero   RW         1825    .bss.EXTI0_IRQHandler.timeStart  max6691.o
    0x200000ac        -       0x00000004   Zero   RW         1792    .bss.MAX_IRQ_inputTimer  main.o
    0x200000b0        -       0x00000004   Zero   RW         1793    .bss.deltaTime      main.o
    0x200000b4        -       0x00000004   Zero   RW         1796    .bss.maxTimer       main.o
    0x200000b8        -       0x00000004   Zero   RW         1824    .bss.max_6691.setStartBitTime  max6691.o
    0x200000bc        -       0x00000001   Zero   RW         1795    .bss.smMaxToInterrupt  main.o
    0x200000bd        -       0x00000001   Zero   RW         1794    .bss.timeReady      main.o
    0x200000be   0x080015ac   0x00000002   PAD
    0x200000c0        -       0x00000400   Zero   RW            2    HEAP                startup_gd32f405_425.o
    0x200004c0        -       0x00000400   Zero   RW            1    STACK               startup_gd32f405_425.o


==============================================================================

Image component sizes


      Code (inc. data)   RO Data    RW Data    ZI Data      Debug   Object Name

       986        128          0          0          0      12032   gd32f4xx_dma.o
       186          0          0          0          0       3267   gd32f4xx_exti.o
       272          0          0          0          0       5213   gd32f4xx_gpio.o
       182          0          0          0          0       3437   gd32f4xx_misc.o
       288         28          0          0          0      17179   gd32f4xx_rcu.o
       132          4          0          0          0       3789   gd32f4xx_syscfg.o
       440          0          0          0          0      13183   gd32f4xx_usart.o
       256          4          0          0          0       1790   lookuptable.o
       216          0          0          0         14       5414   main.o
       962         30          0         64          8       7899   max6691.o
        64         26        392          0       2048        940   startup_gd32f405_425.o
       370          0          0          4          0       2542   system_gd32f4xx.o
       340          0          0          0          0       3129   usart.o

    ----------------------------------------------------------------------
      4740        220        424         68       2076      79814   Object Totals
         0          0         32          0          0          0   (incl. Generated)
        46          0          0          0          6          0   (incl. Padding)

    ----------------------------------------------------------------------

      Code (inc. data)   RO Data    RW Data    ZI Data      Debug   Library Member Name

         8          0          0          0          0         68   __main.o
         0          0          0          0          0          0   __rtentry.o
        12          0          0          0          0          0   __rtentry2.o
         6          0          0          0          0          0   __rtentry4.o
        52          8          0          0          0          0   __scatter.o
        26          0          0          0          0          0   __scatter_copy.o
        28          0          0          0          0          0   __scatter_zi.o
        18          0          0          0          0         80   exit.o
         6          0          0          0          0        152   heapauxi.o
         0          0          0          0          0          0   indicate_semi.o
         2          0          0          0          0          0   libinit.o
         6          0          0          0          0          0   libinit2.o
         2          0          0          0          0          0   libshutdown.o
         2          0          0          0          0          0   libshutdown2.o
         8          4          0          0         96         68   libspace.o
         2          0          0          0          0          0   rtexit.o
        10          0          0          0          0          0   rtexit2.o
        12          4          0          0          0         68   sys_exit.o
        74          0          0          0          0         80   sys_stackheap_outer.o
         2          0          0          0          0         68   use_no_semi.o
        26          0          0          0          0        116   fpinit.o

    ----------------------------------------------------------------------
       312         16          0          0         96        700   Library Totals
        10          0          0          0          0          0   (incl. Padding)

    ----------------------------------------------------------------------

      Code (inc. data)   RO Data    RW Data    ZI Data      Debug   Library Name

       276         16          0          0         96        584   c_w.l
        26          0          0          0          0        116   fz_wm.l

    ----------------------------------------------------------------------
       312         16          0          0         96        700   Library Totals

    ----------------------------------------------------------------------

==============================================================================


      Code (inc. data)   RO Data    RW Data    ZI Data      Debug   

      5052        236        424         68       2172      80138   Grand Totals
      5052        236        424         68       2172      80138   ELF Image Totals
      5052        236        424         68          0          0   ROM Totals

==============================================================================

    Total RO  Size (Code + RO Data)                 5476 (   5.35kB)
    Total RW  Size (RW Data + ZI Data)              2240 (   2.19kB)
    Total ROM Size (Code + RO Data + RW Data)       5544 (   5.41kB)

==============================================================================

